Component: ARM Compiler 6.10.1 Tool: armlink [5d142800]

==============================================================================

Section Cross References

    buffer.o(.text) refers (Special) to _printf_d.o(.ARM.Collect$$_printf_percent$$00000009) for _printf_d
    buffer.o(.text) refers (Special) to _printf_dec.o(.text) for _printf_int_dec
    buffer.o(.text) refers (Special) to _printf_percent.o(.ARM.Collect$$_printf_percent$$00000000) for _printf_percent
    buffer.o(.text.ZBuffer_Reset) refers (Special) to _printf_d.o(.ARM.Collect$$_printf_percent$$00000009) for _printf_d
    buffer.o(.text.ZBuffer_Reset) refers (Special) to _printf_dec.o(.text) for _printf_int_dec
    buffer.o(.text.ZBuffer_Reset) refers (Special) to _printf_percent.o(.ARM.Collect$$_printf_percent$$00000000) for _printf_percent
    buffer.o(.text.ZBuffer_Reset) refers to aeabi_memset.o(.text) for __aeabi_memset
    buffer.o(.ARM.exidx.text.ZBuffer_Reset) refers (Special) to _printf_d.o(.ARM.Collect$$_printf_percent$$00000009) for _printf_d
    buffer.o(.ARM.exidx.text.ZBuffer_Reset) refers (Special) to _printf_dec.o(.text) for _printf_int_dec
    buffer.o(.ARM.exidx.text.ZBuffer_Reset) refers (Special) to _printf_percent.o(.ARM.Collect$$_printf_percent$$00000000) for _printf_percent
    buffer.o(.ARM.exidx.text.ZBuffer_Reset) refers to buffer.o(.text.ZBuffer_Reset) for [Anonymous Symbol]
    buffer.o(.text.Buffer_Reset) refers (Special) to _printf_d.o(.ARM.Collect$$_printf_percent$$00000009) for _printf_d
    buffer.o(.text.Buffer_Reset) refers (Special) to _printf_dec.o(.text) for _printf_int_dec
    buffer.o(.text.Buffer_Reset) refers (Special) to _printf_percent.o(.ARM.Collect$$_printf_percent$$00000000) for _printf_percent
    buffer.o(.text.Buffer_Reset) refers to rt_memclr.o(.text) for __aeabi_memclr
    buffer.o(.ARM.exidx.text.Buffer_Reset) refers (Special) to _printf_d.o(.ARM.Collect$$_printf_percent$$00000009) for _printf_d
    buffer.o(.ARM.exidx.text.Buffer_Reset) refers (Special) to _printf_dec.o(.text) for _printf_int_dec
    buffer.o(.ARM.exidx.text.Buffer_Reset) refers (Special) to _printf_percent.o(.ARM.Collect$$_printf_percent$$00000000) for _printf_percent
    buffer.o(.ARM.exidx.text.Buffer_Reset) refers to buffer.o(.text.Buffer_Reset) for [Anonymous Symbol]
    buffer.o(.text.Buffer_SetPixel) refers (Special) to _printf_d.o(.ARM.Collect$$_printf_percent$$00000009) for _printf_d
    buffer.o(.text.Buffer_SetPixel) refers (Special) to _printf_dec.o(.text) for _printf_int_dec
    buffer.o(.text.Buffer_SetPixel) refers (Special) to _printf_percent.o(.ARM.Collect$$_printf_percent$$00000000) for _printf_percent
    buffer.o(.ARM.exidx.text.Buffer_SetPixel) refers (Special) to _printf_d.o(.ARM.Collect$$_printf_percent$$00000009) for _printf_d
    buffer.o(.ARM.exidx.text.Buffer_SetPixel) refers (Special) to _printf_dec.o(.text) for _printf_int_dec
    buffer.o(.ARM.exidx.text.Buffer_SetPixel) refers (Special) to _printf_percent.o(.ARM.Collect$$_printf_percent$$00000000) for _printf_percent
    buffer.o(.ARM.exidx.text.Buffer_SetPixel) refers to buffer.o(.text.Buffer_SetPixel) for [Anonymous Symbol]
    buffer.o(.text.Buffer_ClearPixel) refers (Special) to _printf_d.o(.ARM.Collect$$_printf_percent$$00000009) for _printf_d
    buffer.o(.text.Buffer_ClearPixel) refers (Special) to _printf_dec.o(.text) for _printf_int_dec
    buffer.o(.text.Buffer_ClearPixel) refers (Special) to _printf_percent.o(.ARM.Collect$$_printf_percent$$00000000) for _printf_percent
    buffer.o(.ARM.exidx.text.Buffer_ClearPixel) refers (Special) to _printf_d.o(.ARM.Collect$$_printf_percent$$00000009) for _printf_d
    buffer.o(.ARM.exidx.text.Buffer_ClearPixel) refers (Special) to _printf_dec.o(.text) for _printf_int_dec
    buffer.o(.ARM.exidx.text.Buffer_ClearPixel) refers (Special) to _printf_percent.o(.ARM.Collect$$_printf_percent$$00000000) for _printf_percent
    buffer.o(.ARM.exidx.text.Buffer_ClearPixel) refers to buffer.o(.text.Buffer_ClearPixel) for [Anonymous Symbol]
    buffer.o(.text.Buffer_DrawLineH) refers (Special) to _printf_d.o(.ARM.Collect$$_printf_percent$$00000009) for _printf_d
    buffer.o(.text.Buffer_DrawLineH) refers (Special) to _printf_dec.o(.text) for _printf_int_dec
    buffer.o(.text.Buffer_DrawLineH) refers (Special) to _printf_percent.o(.ARM.Collect$$_printf_percent$$00000000) for _printf_percent
    buffer.o(.text.Buffer_DrawLineH) refers to buffer.o(.text.Buffer_SetPixel) for Buffer_SetPixel
    buffer.o(.ARM.exidx.text.Buffer_DrawLineH) refers (Special) to _printf_d.o(.ARM.Collect$$_printf_percent$$00000009) for _printf_d
    buffer.o(.ARM.exidx.text.Buffer_DrawLineH) refers (Special) to _printf_dec.o(.text) for _printf_int_dec
    buffer.o(.ARM.exidx.text.Buffer_DrawLineH) refers (Special) to _printf_percent.o(.ARM.Collect$$_printf_percent$$00000000) for _printf_percent
[...]
    [Anonymous Symbol]                       0x00002150   Section        0  structure.o(.text.set_coords)
    [Anonymous Symbol]                       0x00002158   Section        0  entity.o(.text.set_enemy)
    [Anonymous Symbol]                       0x00002198   Section        0  entity.o(.text.set_fireball)
    [Anonymous Symbol]                       0x0000224c   Section        0  entity.o(.text.set_healthpack)
    [Anonymous Symbol]                       0x00002288   Section        0  entity.o(.text.set_player)
    [Anonymous Symbol]                       0x000022ac   Section        0  doom.o(.text.shoot)
    [Anonymous Symbol]                       0x00002350   Section        0  entity.o(.text.spawn_entities)
    [Anonymous Symbol]                       0x0000245c   Section        0  lpc1768_func.o(.text.start)
    [Anonymous Symbol]                       0x0000250c   Section        0  doom.o(.text.translateIntoView)
    [Anonymous Symbol]                       0x000025f4   Section        0  entity.o(.text.updateHealthpack)
    [Anonymous Symbol]                       0x0000265c   Section        0  entity.o(.text.update_enemy)
    [Anonymous Symbol]                       0x000027ec   Section        0  entity.o(.text.update_entities)
    [Anonymous Symbol]                       0x00002870   Section        0  entity.o(.text.update_fireball)
    [Anonymous Symbol]                       0x000028c4   Section        0  entity.o(.text.update_player)
    i.__ARM_fpclassify                       0x00002924   Section        0  fpclassify.o(i.__ARM_fpclassify)
    i.__ARM_fpclassifyf                      0x0000294c   Section        0  fpclassifyf.o(i.__ARM_fpclassifyf)
    i.__ieee754_rem_pio2                     0x00002974   Section        0  rred.o(i.__ieee754_rem_pio2)
    i.__kernel_cos                           0x00002cfc   Section        0  cos_i.o(i.__kernel_cos)
    i.__kernel_poly                          0x00002df8   Section        0  poly.o(i.__kernel_poly)
    i.__kernel_sin                           0x00002ea4   Section        0  sin_i.o(i.__kernel_sin)
    i.__mathlib_dbl_infnan                   0x00002f90   Section        0  dunder.o(i.__mathlib_dbl_infnan)
    i.__mathlib_dbl_invalid                  0x00002f96   Section        0  dunder.o(i.__mathlib_dbl_invalid)
    i.__mathlib_dbl_underflow                0x00002fa4   Section        0  dunder.o(i.__mathlib_dbl_underflow)
    i.__mathlib_flt_infnan                   0x00002fb4   Section        0  funder.o(i.__mathlib_flt_infnan)
    i.__mathlib_flt_infnan2                  0x00002fba   Section        0  funder.o(i.__mathlib_flt_infnan2)
    i.__mathlib_flt_invalid                  0x00002fbe   Section        0  funder.o(i.__mathlib_flt_invalid)
    i.__mathlib_flt_underflow                0x00002fc6   Section        0  funder.o(i.__mathlib_flt_underflow)
    i.__mathlib_rredf2                       0x00002fd0   Section        0  rredf.o(i.__mathlib_rredf2)
    i._fabsf                                 0x00003138   Section        0  fabsf.o(i._fabsf)
    i.atan                                   0x00003140   Section        0  atan.o(i.atan)
    i.atan2f                                 0x00003360   Section        0  atan2f.o(i.atan2f)
    i.cos                                    0x000035ec   Section        0  cos.o(i.cos)
    i.cosf                                   0x00003688   Section        0  cosf.o(i.cosf)
    i.sin                                    0x00003804   Section        0  sin.o(i.sin)
    i.sinf                                   0x000038a4   Section        0  sinf.o(i.sinf)
    i.sqrt                                   0x00003a2c   Section        0  sqrt.o(i.sqrt)
    i.sqrtf                                  0x00003a78   Section        0  sqrtf.o(i.sqrtf)
    x$fpl$d2f                                0x00003aa4   Section       98  d2f.o(x$fpl$d2f)
    x$fpl$dadd                               0x00003b08   Section      336  daddsub_clz.o(x$fpl$dadd)
    _dadd1                                   0x00003b19   Thumb Code     0  daddsub_clz.o(x$fpl$dadd)
    x$fpl$dcheck1                            0x00003c58   Section       16  dcheck1.o(x$fpl$dcheck1)
    x$fpl$dcmpinf                            0x00003c68   Section       24  dcmpi.o(x$fpl$dcmpinf)
    x$fpl$ddiv                               0x00003c80   Section      688  ddiv.o(x$fpl$ddiv)
    ddiv_entry                               0x00003c87   Thumb Code     0  ddiv.o(x$fpl$ddiv)
    x$fpl$deqf                               0x00003f30   Section      120  deqf.o(x$fpl$deqf)
    x$fpl$dfix                               0x00003fa8   Section       94  dfix.o(x$fpl$dfix)
    x$fpl$dfixu                              0x00004008   Section       90  dfixu.o(x$fpl$dfixu)
    x$fpl$dflt                               0x00004062   Section       46  dflt_clz.o(x$fpl$dflt)
    x$fpl$dfltu                              0x00004090   Section       38  dflt_clz.o(x$fpl$dfltu)
    x$fpl$dgeqf                              0x000040b8   Section      120  dgeqf.o(x$fpl$dgeqf)
    x$fpl$dleqf                              0x00004130   Section      120  dleqf.o(x$fpl$dleqf)
    x$fpl$dmul                               0x000041a8   Section      340  dmul.o(x$fpl$dmul)
    x$fpl$dnaninf                            0x000042fc   Section      156  dnaninf.o(x$fpl$dnaninf)
    x$fpl$dretinf                            0x00004398   Section       12  dretinf.o(x$fpl$dretinf)
    x$fpl$drsb                               0x000043a4   Section       22  daddsub_clz.o(x$fpl$drsb)
    x$fpl$dsqrt                              0x000043bc   Section      460  dsqrt_noumaal.o(x$fpl$dsqrt)
    x$fpl$dsub                               0x00004588   Section      468  daddsub_clz.o(x$fpl$dsub)
    _dsub1                                   0x00004599   Thumb Code     0  daddsub_clz.o(x$fpl$dsub)
    x$fpl$f2d                                0x0000475c   Section       86  f2d.o(x$fpl$f2d)
    x$fpl$fadd                               0x000047b4   Section      196  faddsub_clz.o(x$fpl$fadd)
    _fadd1                                   0x000047c3   Thumb Code     0  faddsub_clz.o(x$fpl$fadd)
    x$fpl$fcheck1                            0x00004878   Section       12  fcheck1.o(x$fpl$fcheck1)
    x$fpl$fcmp                               0x00004884   Section       84  dcmp.o(x$fpl$fcmp)
    x$fpl$fcmp                               0x000048d8   Section       84  fcmp.o(x$fpl$fcmp)
    x$fpl$fcmpinf                            0x0000492c   Section       24  fcmpi.o(x$fpl$fcmpinf)
    x$fpl$fdiv                               0x00004944   Section      388  fdiv.o(x$fpl$fdiv)
    _fdiv1                                   0x00004945   Thumb Code     0  fdiv.o(x$fpl$fdiv)
    x$fpl$feqf                               0x00004ac8   Section      104  feqf.o(x$fpl$feqf)
    x$fpl$ffix                               0x00004b30   Section       54  ffix.o(x$fpl$ffix)
    x$fpl$ffixu                              0x00004b68   Section       62  ffixu.o(x$fpl$ffixu)
    x$fpl$fflt                               0x00004ba8   Section       48  fflt_clz.o(x$fpl$fflt)
    x$fpl$ffltu                              0x00004bd8   Section       38  fflt_clz.o(x$fpl$ffltu)
    x$fpl$fgeqf                              0x00004c00   Section      104  fgeqf.o(x$fpl$fgeqf)
    x$fpl$fleqf                              0x00004c68   Section      104  fleqf.o(x$fpl$fleqf)
    x$fpl$fmul                               0x00004cd0   Section      258  fmul.o(x$fpl$fmul)
    x$fpl$fnaninf                            0x00004dd2   Section      140  fnaninf.o(x$fpl$fnaninf)
    x$fpl$fretinf                            0x00004e5e   Section       10  fretinf.o(x$fpl$fretinf)
    x$fpl$frnd                               0x00004e68   Section       96  frnd.o(x$fpl$frnd)
    x$fpl$frsb                               0x00004ec8   Section       20  faddsub_clz.o(x$fpl$frsb)
    x$fpl$fsqrt                              0x00004edc   Section      272  fsqrt.o(x$fpl$fsqrt)
    x$fpl$fsub                               0x00004fec   Section      234  faddsub_clz.o(x$fpl$fsub)
    _fsub1                                   0x00004ffb   Thumb Code     0  faddsub_clz.o(x$fpl$fsub)
    x$fpl$retnan                             0x000050d6   Section      100  retnan.o(x$fpl$retnan)
    x$fpl$scalbn                             0x0000513a   Section       92  scalbn.o(x$fpl$scalbn)
    x$fpl$scalbnf                            0x00005196   Section       76  scalbnf.o(x$fpl$scalbnf)
    x$fpl$trapveneer                         0x000051e2   Section       48  trapv.o(x$fpl$trapveneer)
    x$fpl$usenofp                            0x00005212   Section        0  usenofp.o(x$fpl$usenofp)
    .constdata                               0x00005218   Section      152  atan.o(.constdata)
    atanhi                                   0x00005218   Data          32  atan.o(.constdata)
    atanlo                                   0x00005238   Data          32  atan.o(.constdata)
    aTodd                                    0x00005258   Data          40  atan.o(.constdata)
    aTeven                                   0x00005280   Data          48  atan.o(.constdata)
    .constdata                               0x000052b0   Section       48  cos_i.o(.constdata)
    C                                        0x000052b0   Data          48  cos_i.o(.constdata)
    .constdata                               0x000052e0   Section      200  rred.o(.constdata)
    pio2s                                    0x000052e0   Data          48  rred.o(.constdata)
    twooverpi                                0x00005310   Data         152  rred.o(.constdata)
    .constdata                               0x000053a8   Section       32  rredf.o(.constdata)
    twooverpi                                0x000053a8   Data          32  rredf.o(.constdata)
    .constdata                               0x000053c8   Section       40  sin_i.o(.constdata)
    S                                        0x000053c8   Data          40  sin_i.o(.constdata)
    [Anonymous Symbol]                       0x000056a4   Section        0  doom.o(.rodata.bmp_fireball_bits)
    bmp_fireball_bits                        0x000056a4   Data          32  doom.o(.rodata.bmp_fireball_bits)
    [Anonymous Symbol]                       0x000056c4   Section        0  doom.o(.rodata.bmp_fireball_mask)
    bmp_fireball_mask                        0x000056c4   Data          32  doom.o(.rodata.bmp_fireball_mask)
    [Anonymous Symbol]                       0x000056e4   Section        0  doom.o(.rodata.bmp_imp_bits)
    bmp_imp_bits                             0x000056e4   Data         640  doom.o(.rodata.bmp_imp_bits)
    [Anonymous Symbol]                       0x00005964   Section        0  doom.o(.rodata.bmp_imp_mask)
    bmp_imp_mask                             0x00005964   Data         640  doom.o(.rodata.bmp_imp_mask)
    [Anonymous Symbol]                       0x00005be4   Section        0  doom.o(.rodata.bmp_items_bits)
    bmp_items_bits                           0x00005be4   Data          64  doom.o(.rodata.bmp_items_bits)
    [Anonymous Symbol]                       0x00005c24   Section        0  doom.o(.rodata.bmp_items_mask)
    bmp_items_mask                           0x00005c24   Data          64  doom.o(.rodata.bmp_items_mask)
    [Anonymous Symbol]                       0x10000000   Section        0  ssp_lpc17xx.o(.data.SSP1_pin_mosi)
    SSP1_pin_mosi                            0x10000000   Data           2  ssp_lpc17xx.o(.data.SSP1_pin_mosi)
    [Anonymous Symbol]                       0x10000002   Section        0  ssp_lpc17xx.o(.data.SSP1_pin_sck)
    SSP1_pin_sck                             0x10000002   Data           2  ssp_lpc17xx.o(.data.SSP1_pin_sck)
    .bss                                     0x10000110   Section       96  libspace.o(.bss)
    [Anonymous Symbol]                       0x10000170   Section        0  gpdma_lpc17xx.o(.bss.Channel_active)
    Channel_active                           0x10000170   Data           4  gpdma_lpc17xx.o(.bss.Channel_active)
    [Anonymous Symbol]                       0x10000174   Section        0  gpdma_lpc17xx.o(.bss.Channel_info)
    Channel_info                             0x10000174   Data         160  gpdma_lpc17xx.o(.bss.Channel_info)
    [Anonymous Symbol]                       0x10000214   Section        0  ssp_lpc17xx.o(.bss.SSP1_Info)
    SSP1_Info                                0x10000214   Data          12  ssp_lpc17xx.o(.bss.SSP1_Info)
    [Anonymous Symbol]                       0x10000220   Section        0  ssp_lpc17xx.o(.bss.SSP1_Xfer)
    SSP1_Xfer                                0x10000220   Data          28  ssp_lpc17xx.o(.bss.SSP1_Xfer)
    HEAP                                     0x100008a8   Section        0  startup_lpc17xx.o(HEAP)
    STACK                                    0x100008a8   Section      512  startup_lpc17xx.o(STACK)
    Heap_Mem                                 0x100008a8   Data           0  startup_lpc17xx.o(HEAP)
    Stack_Mem                                0x100008a8   Data         512  startup_lpc17xx.o(STACK)
    __initial_sp                             0x10000aa8   Data           0  startup_lpc17xx.o(STACK)

    Global Symbols

    Symbol Name                              Value     Ov Type        Size  Object(Section)

    BuildAttributes$$THM_ISAv4$P$D$K$B$S$PE$A:L22UL41UL21$X:L11$S22US41US21$IEEE1$IW$~IW$USESV6$~STKCKD$USESV7$~SHL$OTIME$ROPI$IEEEX$EBA8$UX$STANDARDLIB$REQ8$PRES8$EABIv2 0x00000000   Number         0  anon$$obj.o ABSOLUTE
    __Vectors                                0x00000000   Data           4  startup_lpc17xx.o(RESET)
    __ARM_exceptions_init                     - Undefined Weak Reference
    __alloca_initialize                       - Undefined Weak Reference
    __arm_preinit_                            - Undefined Weak Reference
    __cpp_initialize__aeabi_                  - Undefined Weak Reference
    __cxa_finalize                            - Undefined Weak Reference
    __rt_locale                               - Undefined Weak Reference
    __sigvec_lookup                           - Undefined Weak Reference
    _atexit_init                              - Undefined Weak Reference
    _call_atexit_fns                          - Undefined Weak Reference
    _clock_init                               - Undefined Weak Reference
    _fp_trap_init                             - Undefined Weak Reference
    _fp_trap_shutdown                         - Undefined Weak Reference
    _get_lc_collate                           - Undefined Weak Reference
    _get_lc_ctype                             - Undefined Weak Reference
    _get_lc_monetary                          - Undefined Weak Reference
    _get_lc_numeric                           - Undefined Weak Reference
    _get_lc_time                              - Undefined Weak Reference
    _getenv_init                              - Undefined Weak Reference
    _handle_redirection                       - Undefined Weak Reference
    _init_alloc                               - Undefined Weak Reference
    _init_user_alloc                          - Undefined Weak Reference
    _initio                                   - Undefined Weak Reference
    _printf_post_padding                      - Undefined Weak Reference
    _printf_pre_padding                       - Undefined Weak Reference
    _printf_truncate_signed                   - Undefined Weak Reference
    _printf_truncate_unsigned                 - Undefined Weak Reference
    _rand_init                                - Undefined Weak Reference
    _signal_finish                            - Undefined Weak Reference
    _signal_init                              - Undefined Weak Reference
    _terminate_alloc                          - Undefined Weak Reference
    _terminate_user_alloc                     - Undefined Weak Reference
    _terminateio                              - Undefined Weak Reference
    __main                                   0x000000cd   Thumb Code     8  __main.o(!!!main)
    __scatterload                            0x000000d5   Thumb Code     0  __scatter.o(!!!scatter)
    __scatterload_rt2                        0x000000d5   Thumb Code    44  __scatter.o(!!!scatter)
    __scatterload_rt2_thumb_only             0x000000d5   Thumb Code     0  __scatter.o(!!!scatter)
    __scatterload_null                       0x000000e3   Thumb Code     0  __scatter.o(!!!scatter)
    __scatterload_copy                       0x00000109   Thumb Code    26  __scatter_copy.o(!!handler_copy)
    __scatterload_zeroinit                   0x00000125   Thumb Code    28  __scatter_zi.o(!!handler_zi)
    _printf_d                                0x00000141   Thumb Code     0  _printf_d.o(.ARM.Collect$$_printf_percent$$00000009)
    _printf_percent                          0x00000141   Thumb Code     0  _printf_percent.o(.ARM.Collect$$_printf_percent$$00000000)
    _printf_percent_end                      0x00000147   Thumb Code     0  _printf_percent_end.o(.ARM.Collect$$_printf_percent$$00000017)
    __rt_lib_init                            0x0000014b   Thumb Code     0  libinit.o(.ARM.Collect$$libinit$$00000000)
    __rt_lib_init_alloca_1                   0x0000014d   Thumb Code     0  libinit2.o(.ARM.Collect$$libinit$$0000002E)
    __rt_lib_init_argv_1                     0x0000014d   Thumb Code     0  libinit2.o(.ARM.Collect$$libinit$$0000002C)
    __rt_lib_init_atexit_1                   0x0000014d   Thumb Code     0  libinit2.o(.ARM.Collect$$libinit$$0000001B)
    __rt_lib_init_clock_1                    0x0000014d   Thumb Code     0  libinit2.o(.ARM.Collect$$libinit$$00000021)
    __rt_lib_init_cpp_1                      0x0000014d   Thumb Code     0  libinit2.o(.ARM.Collect$$libinit$$00000032)
    __rt_lib_init_exceptions_1               0x0000014d   Thumb Code     0  libinit2.o(.ARM.Collect$$libinit$$00000030)
    __rt_lib_init_fp_1                       0x0000014d   Thumb Code     0  libinit2.o(.ARM.Collect$$libinit$$00000002)
    __rt_lib_init_fp_trap_1                  0x0000014d   Thumb Code     0  libinit2.o(.ARM.Collect$$libinit$$0000001F)
    __rt_lib_init_getenv_1                   0x0000014d   Thumb Code     0  libinit2.o(.ARM.Collect$$libinit$$00000023)
    __rt_lib_init_heap_1                     0x0000014d   Thumb Code     0  libinit2.o(.ARM.Collect$$libinit$$0000000A)
    __rt_lib_init_lc_collate_1               0x0000014d   Thumb Code     0  libinit2.o(.ARM.Collect$$libinit$$00000011)
    __rt_lib_init_lc_ctype_1                 0x0000014d   Thumb Code     0  libinit2.o(.ARM.Collect$$libinit$$00000013)
    __rt_lib_init_lc_monetary_1              0x0000014d   Thumb Code     0  libinit2.o(.ARM.Collect$$libinit$$00000015)
    __rt_lib_init_lc_numeric_1               0x0000014d   Thumb Code     0  libinit2.o(.ARM.Collect$$libinit$$00000017)
    __rt_lib_init_lc_time_1                  0x0000014d   Thumb Code     0  libinit2.o(.ARM.Collect$$libinit$$00000019)
    __rt_lib_init_preinit_1                  0x0000014d   Thumb Code     0  libinit2.o(.ARM.Collect$$libinit$$00000004)
    __rt_lib_init_rand_1                     0x0000014d   Thumb Code     0  libinit2.o(.ARM.Collect$$libinit$$0000000E)
    __rt_lib_init_return                     0x0000014d   Thumb Code     0  libinit2.o(.ARM.Collect$$libinit$$00000033)
    __rt_lib_init_signal_1                   0x0000014d   Thumb Code     0  libinit2.o(.ARM.Collect$$libinit$$0000001D)
    __rt_lib_init_stdio_1                    0x0000014d   Thumb Code     0  libinit2.o(.ARM.Collect$$libinit$$00000025)
    __rt_lib_init_user_alloc_1               0x0000014d   Thumb Code     0  libinit2.o(.ARM.Collect$$libinit$$0000000C)
    __rt_lib_shutdown                        0x0000014f   Thumb Code     0  libshutdown.o(.ARM.Collect$$libshutdown$$00000000)
    __rt_lib_shutdown_cpp_1                  0x00000151   Thumb Code     0  libshutdown2.o(.ARM.Collect$$libshutdown$$00000002)
    __rt_lib_shutdown_fp_trap_1              0x00000151   Thumb Code     0  libshutdown2.o(.ARM.Collect$$libshutdown$$00000007)
    __rt_lib_shutdown_heap_1                 0x00000151   Thumb Code     0  libshutdown2.o(.ARM.Collect$$libshutdown$$0000000F)
    __rt_lib_shutdown_return                 0x00000151   Thumb Code     0  libshutdown2.o(.ARM.Collect$$libshutdown$$00000010)
    __rt_lib_shutdown_signal_1               0x00000151   Thumb Code     0  libshutdown2.o(.ARM.Collect$$libshutdown$$0000000A)
    __rt_lib_shutdown_stdio_1                0x00000151   Thumb Code     0  libshutdown2.o(.ARM.Collect$$libshutdown$$00000004)
    __rt_lib_shutdown_user_alloc_1           0x00000151   Thumb Code     0  libshutdown2.o(.ARM.Collect$$libshutdown$$0000000C)
    __rt_entry                               0x00000153   Thumb Code     0  __rtentry.o(.ARM.Collect$$rtentry$$00000000)
    __rt_entry_presh_1                       0x00000153   Thumb Code     0  __rtentry2.o(.ARM.Collect$$rtentry$$00000002)
    __rt_entry_sh                            0x00000153   Thumb Code     0  __rtentry4.o(.ARM.Collect$$rtentry$$00000004)
    __rt_entry_li                            0x00000159   Thumb Code     0  __rtentry2.o(.ARM.Collect$$rtentry$$0000000A)
    __rt_entry_postsh_1                      0x00000159   Thumb Code     0  __rtentry2.o(.ARM.Collect$$rtentry$$00000009)
    __rt_entry_main                          0x0000015d   Thumb Code     0  __rtentry2.o(.ARM.Collect$$rtentry$$0000000D)
    __rt_entry_postli_1                      0x0000015d   Thumb Code     0  __rtentry2.o(.ARM.Collect$$rtentry$$0000000C)
    __rt_exit                                0x00000165   Thumb Code     0  rtexit.o(.ARM.Collect$$rtexit$$00000000)
    __rt_exit_ls                             0x00000167   Thumb Code     0  rtexit2.o(.ARM.Collect$$rtexit$$00000003)
    __rt_exit_prels_1                        0x00000167   Thumb Code     0  rtexit2.o(.ARM.Collect$$rtexit$$00000002)
    __rt_exit_exit                           0x0000016b   Thumb Code     0  rtexit2.o(.ARM.Collect$$rtexit$$00000004)
    Reset_Handler                            0x00000171   Thumb Code     8  startup_lpc17xx.o(.text)
    NMI_Handler                              0x00000179   Thumb Code     2  startup_lpc17xx.o(.text)
    HardFault_Handler                        0x0000017b   Thumb Code     2  startup_lpc17xx.o(.text)
    MemManage_Handler                        0x0000017d   Thumb Code     2  startup_lpc17xx.o(.text)
    BusFault_Handler                         0x0000017f   Thumb Code     2  startup_lpc17xx.o(.text)
    UsageFault_Handler                       0x00000181   Thumb Code     2  startup_lpc17xx.o(.text)
    SVC_Handler                              0x00000183   Thumb Code     2  startup_lpc17xx.o(.text)
    DebugMon_Handler                         0x00000185   Thumb Code     2  startup_lpc17xx.o(.text)
    PendSV_Handler                           0x00000187   Thumb Code     2  startup_lpc17xx.o(.text)
    SysTick_Handler                          0x00000189   Thumb Code     2  startup_lpc17xx.o(.text)
    ADC_IRQHandler                           0x0000018b   Thumb Code     0  startup_lpc17xx.o(.text)
    BOD_IRQHandler                           0x0000018b   Thumb Code     0  startup_lpc17xx.o(.text)
    CANActivity_IRQHandler                   0x0000018b   Thumb Code     0  startup_lpc17xx.o(.text)
    CAN_IRQHandler                           0x0000018b   Thumb Code     0  startup_lpc17xx.o(.text)
    EINT0_IRQHandler                         0x0000018b   Thumb Code     0  startup_lpc17xx.o(.text)
    EINT1_IRQHandler                         0x0000018b   Thumb Code     0  startup_lpc17xx.o(.text)
    EINT2_IRQHandler                         0x0000018b   Thumb Code     0  startup_lpc17xx.o(.text)
    EINT3_IRQHandler                         0x0000018b   Thumb Code     0  startup_lpc17xx.o(.text)
    ENET_IRQHandler                          0x0000018b   Thumb Code     0  startup_lpc17xx.o(.text)
    I2C0_IRQHandler                          0x0000018b   Thumb Code     0  startup_lpc17xx.o(.text)
    I2C1_IRQHandler                          0x0000018b   Thumb Code     0  startup_lpc17xx.o(.text)
    I2C2_IRQHandler                          0x0000018b   Thumb Code     0  startup_lpc17xx.o(.text)
    I2S_IRQHandler                           0x0000018b   Thumb Code     0  startup_lpc17xx.o(.text)
    MCPWM_IRQHandler                         0x0000018b   Thumb Code     0  startup_lpc17xx.o(.text)
    PLL0_IRQHandler                          0x0000018b   Thumb Code     0  startup_lpc17xx.o(.text)
    PLL1_IRQHandler                          0x0000018b   Thumb Code     0  startup_lpc17xx.o(.text)
    PWM1_IRQHandler                          0x0000018b   Thumb Code     0  startup_lpc17xx.o(.text)
    QEI_IRQHandler                           0x0000018b   Thumb Code     0  startup_lpc17xx.o(.text)
    RIT_IRQHandler                           0x0000018b   Thumb Code     0  startup_lpc17xx.o(.text)
    RTC_IRQHandler                           0x0000018b   Thumb Code     0  startup_lpc17xx.o(.text)
    SPI_IRQHandler                           0x0000018b   Thumb Code     0  startup_lpc17xx.o(.text)
    SSP0_IRQHandler                          0x0000018b   Thumb Code     0  startup_lpc17xx.o(.text)
    TIMER1_IRQHandler                        0x0000018b   Thumb Code     0  startup_lpc17xx.o(.text)
    TIMER2_IRQHandler                        0x0000018b   Thumb Code     0  startup_lpc17xx.o(.text)
    TIMER3_IRQHandler                        0x0000018b   Thumb Code     0  startup_lpc17xx.o(.text)
    UART0_IRQHandler                         0x0000018b   Thumb Code     0  startup_lpc17xx.o(.text)
    UART1_IRQHandler                         0x0000018b   Thumb Code     0  startup_lpc17xx.o(.text)
    UART2_IRQHandler                         0x0000018b   Thumb Code     0  startup_lpc17xx.o(.text)
    UART3_IRQHandler                         0x0000018b   Thumb Code     0  startup_lpc17xx.o(.text)
    USBActivity_IRQHandler                   0x0000018b   Thumb Code     0  startup_lpc17xx.o(.text)
    USB_IRQHandler                           0x0000018b   Thumb Code     0  startup_lpc17xx.o(.text)
    WDT_IRQHandler                           0x0000018b   Thumb Code     0  startup_lpc17xx.o(.text)
    __user_initial_stackheap                 0x0000018d   Thumb Code     0  startup_lpc17xx.o(.text)
    _printf_int_dec                          0x000001ad   Thumb Code   104  _printf_dec.o(.text)
    __aeabi_memset                           0x00000225   Thumb Code    16  aeabi_memset.o(.text)
    __aeabi_memclr                           0x00000235   Thumb Code     0  rt_memclr.o(.text)
    __rt_memclr                              0x00000235   Thumb Code    68  rt_memclr.o(.text)
    _memset                                  0x00000239   Thumb Code     0  rt_memclr.o(.text)
    __use_two_region_memory                  0x00000279   Thumb Code     2  heapauxi.o(.text)
    __rt_heap_escrow$2region                 0x0000027b   Thumb Code     2  heapauxi.o(.text)
    __rt_heap_expand$2region                 0x0000027d   Thumb Code     2  heapauxi.o(.text)
    __read_errno                             0x0000027f   Thumb Code    10  _rserrno.o(.text)
    __set_errno                              0x00000289   Thumb Code    12  _rserrno.o(.text)
    __aeabi_memclr4                          0x00000295   Thumb Code     0  rt_memclr_w.o(.text)
    __aeabi_memclr8                          0x00000295   Thumb Code     0  rt_memclr_w.o(.text)
    __rt_memclr_w                            0x00000295   Thumb Code    78  rt_memclr_w.o(.text)
    _memset_w                                0x00000299   Thumb Code     0  rt_memclr_w.o(.text)
    __aeabi_errno_addr                       0x000002e5   Thumb Code     8  rt_errno_addr_intlibspace.o(.text)
    __errno$intlibspace                      0x000002e5   Thumb Code     0  rt_errno_addr_intlibspace.o(.text)
    __rt_errno_addr$intlibspace              0x000002e5   Thumb Code     0  rt_errno_addr_intlibspace.o(.text)
    __user_libspace                          0x000002ed   Thumb Code     8  libspace.o(.text)
    __user_perproc_libspace                  0x000002ed   Thumb Code     0  libspace.o(.text)
    __user_perthread_libspace                0x000002ed   Thumb Code     0  libspace.o(.text)
    __I$use$semihosting                      0x000002f5   Thumb Code     0  use_no_semi.o(.text)
    __use_no_semihosting_swi                 0x000002f5   Thumb Code     2  use_no_semi.o(.text)
    __semihosting_library_function           0x000002f7   Thumb Code     0  indicate_semi.o(.text)
    _printf_int_common                       0x00000301   Thumb Code   178  _printf_intcommon.o(.text)
    __user_setup_stackheap                   0x000003b3   Thumb Code    74  sys_stackheap_outer.o(.text)
    exit                                     0x000003fd   Thumb Code    18  exit.o(.text)
    _sys_exit                                0x00000411   Thumb Code     8  sys_exit.o(.text)
    Buffer_DrawLineV                         0x0000041d   Thumb Code    36  buffer.o(.text.Buffer_DrawLineV)
    Buffer_DrawMenu                          0x00000441   Thumb Code   124  buffer.o(.text.Buffer_DrawMenu)
    Buffer_DrawSprite                        0x000004bd   Thumb Code   418  buffer.o(.text.Buffer_DrawSprite)
    Buffer_Reset                             0x00000661   Thumb Code    12  buffer.o(.text.Buffer_Reset)
    Buffer_SetPixel                          0x0000066d   Thumb Code    26  buffer.o(.text.Buffer_SetPixel)
    DMA_IRQHandler                           0x000006a9   Thumb Code   252  gpdma_lpc17xx.o(.text.DMA_IRQHandler)
    GPIO_PinRead                             0x000007a5   Thumb Code    26  gpio_lpc17xx.o(.text.GPIO_PinRead)
    GPIO_PinWrite                            0x000007c1   Thumb Code    28  gpio_lpc17xx.o(.text.GPIO_PinWrite)
    GPIO_PortClock                           0x000007dd   Thumb Code    26  gpio_lpc17xx.o(.text.GPIO_PortClock)
    GPIO_SetDir                              0x000007f9   Thumb Code    28  gpio_lpc17xx.o(.text.GPIO_SetDir)
    PIN_Configure                            0x0000084d   Thumb Code   126  pin_lpc17xx.o(.text.PIN_Configure)
    SPILCD_Configure                         0x000008cd   Thumb Code    94  spi_lcd.o(.text.SPILCD_Configure)
    SPILCD_Init                              0x0000092d   Thumb Code   118  spi_lcd.o(.text.SPILCD_Init)
    SPILCD_Reset                             0x000009a5   Thumb Code    80  spi_lcd.o(.text.SPILCD_Reset)
    SPILCD_SendCommand                       0x000009f5   Thumb Code    72  spi_lcd.o(.text.SPILCD_SendCommand)
    SPILCD_SendData                          0x00000a3d   Thumb Code    72  spi_lcd.o(.text.SPILCD_SendData)
    SPILCD_Transfer                          0x00000a85   Thumb Code    56  spi_lcd.o(.text.SPILCD_Transfer)
    SSP1_IRQHandler                          0x00000ac5   Thumb Code     4  ssp_lpc17xx.o(.text.SSP1_IRQHandler)
    SystemInit                               0x000011cd   Thumb Code   204  system_lpc17xx.o(.text.SystemInit)
    TIMER0_IRQHandler                        0x00001299   Thumb Code    26  main.o(.text.TIMER0_IRQHandler)
    ZBuffer_Reset                            0x000012b5   Thumb Code    12  buffer.o(.text.ZBuffer_Reset)
    colission                                0x00001309   Thumb Code    16  structure.o(.text.colission)
    colissionCell                            0x00001319   Thumb Code    34  structure.o(.text.colissionCell)
    delay                                    0x0000133d   Thumb Code   102  delay.o(.text.delay)
    display_health                           0x000013a5   Thumb Code    62  entity.o(.text.display_health)
    display_leds                             0x000013e5   Thumb Code    52  lpc1768_func.o(.text.display_leds)
    display_rgb                              0x00001419   Thumb Code    40  lpc1768_func.o(.text.display_rgb)
    distance2                                0x00001441   Thumb Code    74  structure.o(.text.distance2)
    drawImpSprite                            0x0000148d   Thumb Code    74  doom.o(.text.drawImpSprite)
    initPin_JOY                              0x000014dd   Thumb Code    34  lpc1768_func.o(.text.initPin_JOY)
    initPin_LED                              0x00001501   Thumb Code    34  lpc1768_func.o(.text.initPin_LED)
    initPin_RGB                              0x00001525   Thumb Code    34  lpc1768_func.o(.text.initPin_RGB)
    init_ADC                                 0x00001549   Thumb Code   104  lpc1768_func.o(.text.init_ADC)
    init_timer                               0x000015b1   Thumb Code    52  lpc1768_func.o(.text.init_timer)
    loop                                     0x000015e5   Thumb Code    22  doom.o(.text.loop)
    loop_gameplay                            0x000015fd   Thumb Code   222  doom.o(.text.loop_gameplay)
    loop_menu                                0x000016dd   Thumb Code   104  doom.o(.text.loop_menu)
    main                                     0x00001745   Thumb Code    14  main.o(.text.main)
    max                                      0x00001755   Thumb Code     8  structure.o(.text.max)
    min                                      0x0000175d   Thumb Code     8  structure.o(.text.min)
    move_enemy                               0x00001765   Thumb Code   234  entity.o(.text.move_enemy)
    move_fireball                            0x00001851   Thumb Code   138  entity.o(.text.move_fireball)
    move_player                              0x000018dd   Thumb Code   510  entity.o(.text.move_player)
    obtainCell                               0x00001add   Thumb Code    22  structure.o(.text.obtainCell)
    read_ADC                                 0x00001af5   Thumb Code    60  lpc1768_func.o(.text.read_ADC)
    read_center                              0x00001b31   Thumb Code    60  lpc1768_func.o(.text.read_center)
    read_joy                                 0x00001b6d   Thumb Code   114  lpc1768_func.o(.text.read_joy)
    read_pot                                 0x00001be1   Thumb Code    36  lpc1768_func.o(.text.read_pot)
    renderEntities                           0x00001c05   Thumb Code   608  doom.o(.text.renderEntities)
    renderGun                                0x00001e65   Thumb Code    82  doom.o(.text.renderGun)
    renderMap                                0x00001eb9   Thumb Code   662  doom.o(.text.renderMap)
    set_coords                               0x00002151   Thumb Code     6  structure.o(.text.set_coords)
    set_enemy                                0x00002159   Thumb Code    64  entity.o(.text.set_enemy)
    set_fireball                             0x00002199   Thumb Code   178  entity.o(.text.set_fireball)
    set_healthpack                           0x0000224d   Thumb Code    60  entity.o(.text.set_healthpack)
    set_player                               0x00002289   Thumb Code    34  entity.o(.text.set_player)
    shoot                                    0x000022ad   Thumb Code   162  doom.o(.text.shoot)
    spawn_entities                           0x00002351   Thumb Code   268  entity.o(.text.spawn_entities)
    start                                    0x0000245d   Thumb Code   176  lpc1768_func.o(.text.start)
    translateIntoView                        0x0000250d   Thumb Code   230  doom.o(.text.translateIntoView)
    updateHealthpack                         0x000025f5   Thumb Code   102  entity.o(.text.updateHealthpack)
    update_enemy                             0x0000265d   Thumb Code   400  entity.o(.text.update_enemy)
    update_entities                          0x000027ed   Thumb Code   130  entity.o(.text.update_entities)
    update_fireball                          0x00002871   Thumb Code    84  entity.o(.text.update_fireball)
    update_player                            0x000028c5   Thumb Code    96  entity.o(.text.update_player)
    __ARM_fpclassify                         0x00002925   Thumb Code    40  fpclassify.o(i.__ARM_fpclassify)
    __ARM_fpclassifyf                        0x0000294d   Thumb Code    38  fpclassifyf.o(i.__ARM_fpclassifyf)
    __ieee754_rem_pio2                       0x00002975   Thumb Code   828  rred.o(i.__ieee754_rem_pio2)
    __kernel_cos                             0x00002cfd   Thumb Code   230  cos_i.o(i.__kernel_cos)
    __kernel_poly                            0x00002df9   Thumb Code   170  poly.o(i.__kernel_poly)
    __kernel_sin                             0x00002ea5   Thumb Code   224  sin_i.o(i.__kernel_sin)
    __mathlib_dbl_infnan                     0x00002f91   Thumb Code     6  dunder.o(i.__mathlib_dbl_infnan)
    __mathlib_dbl_invalid                    0x00002f97   Thumb Code    12  dunder.o(i.__mathlib_dbl_invalid)
    __mathlib_dbl_underflow                  0x00002fa5   Thumb Code    10  dunder.o(i.__mathlib_dbl_underflow)
    __mathlib_flt_infnan                     0x00002fb5   Thumb Code     6  funder.o(i.__mathlib_flt_infnan)
    __mathlib_flt_infnan2                    0x00002fbb   Thumb Code     4  funder.o(i.__mathlib_flt_infnan2)
    __mathlib_flt_invalid                    0x00002fbf   Thumb Code     8  funder.o(i.__mathlib_flt_invalid)
    __mathlib_flt_underflow                  0x00002fc7   Thumb Code    10  funder.o(i.__mathlib_flt_underflow)
    __mathlib_rredf2                         0x00002fd1   Thumb Code   344  rredf.o(i.__mathlib_rredf2)
    _fabsf                                   0x00003139   Thumb Code     6  fabsf.o(i._fabsf)
    atan                                     0x00003141   Thumb Code   474  atan.o(i.atan)
    atan2f                                   0x00003361   Thumb Code   576  atan2f.o(i.atan2f)
    cos                                      0x000035ed   Thumb Code   148  cos.o(i.cos)
    cosf                                     0x00003689   Thumb Code   328  cosf.o(i.cosf)
    sin                                      0x00003805   Thumb Code   150  sin.o(i.sin)
    sinf                                     0x000038a5   Thumb Code   338  sinf.o(i.sinf)
    sqrt                                     0x00003a2d   Thumb Code    76  sqrt.o(i.sqrt)
    sqrtf                                    0x00003a79   Thumb Code    44  sqrtf.o(i.sqrtf)
    __aeabi_d2f                              0x00003aa5   Thumb Code     0  d2f.o(x$fpl$d2f)
    _d2f                                     0x00003aa5   Thumb Code    98  d2f.o(x$fpl$d2f)
    __aeabi_dadd                             0x00003b09   Thumb Code     0  daddsub_clz.o(x$fpl$dadd)
    _dadd                                    0x00003b09   Thumb Code   332  daddsub_clz.o(x$fpl$dadd)
    __fpl_dcheck_NaN1                        0x00003c59   Thumb Code    10  dcheck1.o(x$fpl$dcheck1)
    __fpl_dcmp_Inf                           0x00003c69   Thumb Code    24  dcmpi.o(x$fpl$dcmpinf)
    __aeabi_ddiv                             0x00003c81   Thumb Code     0  ddiv.o(x$fpl$ddiv)
    _ddiv                                    0x00003c81   Thumb Code   552  ddiv.o(x$fpl$ddiv)
    __aeabi_cdcmpeq                          0x00003f31   Thumb Code     0  deqf.o(x$fpl$deqf)
    _dcmpeq                                  0x00003f31   Thumb Code   120  deqf.o(x$fpl$deqf)
    __aeabi_d2iz                             0x00003fa9   Thumb Code     0  dfix.o(x$fpl$dfix)
    _dfix                                    0x00003fa9   Thumb Code    94  dfix.o(x$fpl$dfix)
    __aeabi_d2uiz                            0x00004009   Thumb Code     0  dfixu.o(x$fpl$dfixu)
    _dfixu                                   0x00004009   Thumb Code    90  dfixu.o(x$fpl$dfixu)
    __aeabi_i2d                              0x00004063   Thumb Code     0  dflt_clz.o(x$fpl$dflt)
    _dflt                                    0x00004063   Thumb Code    46  dflt_clz.o(x$fpl$dflt)
    __aeabi_ui2d                             0x00004091   Thumb Code     0  dflt_clz.o(x$fpl$dfltu)
    _dfltu                                   0x00004091   Thumb Code    38  dflt_clz.o(x$fpl$dfltu)
    __aeabi_cdcmpge                          0x000040b9   Thumb Code     0  dgeqf.o(x$fpl$dgeqf)
    _dcmpge                                  0x000040b9   Thumb Code   120  dgeqf.o(x$fpl$dgeqf)
    __aeabi_cdcmple                          0x00004131   Thumb Code     0  dleqf.o(x$fpl$dleqf)
    _dcmple                                  0x00004131   Thumb Code   120  dleqf.o(x$fpl$dleqf)
    __fpl_dcmple_InfNaN                      0x00004193   Thumb Code     0  dleqf.o(x$fpl$dleqf)
    __aeabi_dmul                             0x000041a9   Thumb Code     0  dmul.o(x$fpl$dmul)
    _dmul                                    0x000041a9   Thumb Code   332  dmul.o(x$fpl$dmul)
    __fpl_dnaninf                            0x000042fd   Thumb Code   156  dnaninf.o(x$fpl$dnaninf)
    __fpl_dretinf                            0x00004399   Thumb Code    12  dretinf.o(x$fpl$dretinf)
    __aeabi_drsub                            0x000043a5   Thumb Code     0  daddsub_clz.o(x$fpl$drsb)
    _drsb                                    0x000043a5   Thumb Code    22  daddsub_clz.o(x$fpl$drsb)
    _dsqrt                                   0x000043bd   Thumb Code   456  dsqrt_noumaal.o(x$fpl$dsqrt)
    __aeabi_dsub                             0x00004589   Thumb Code     0  daddsub_clz.o(x$fpl$dsub)
    _dsub                                    0x00004589   Thumb Code   464  daddsub_clz.o(x$fpl$dsub)
    __aeabi_f2d                              0x0000475d   Thumb Code     0  f2d.o(x$fpl$f2d)
    _f2d                                     0x0000475d   Thumb Code    86  f2d.o(x$fpl$f2d)
    __aeabi_fadd                             0x000047b5   Thumb Code     0  faddsub_clz.o(x$fpl$fadd)
    _fadd                                    0x000047b5   Thumb Code   196  faddsub_clz.o(x$fpl$fadd)
    __fpl_fcheck_NaN1                        0x00004879   Thumb Code     6  fcheck1.o(x$fpl$fcheck1)
    __aeabi_dcmpeq                           0x00004885   Thumb Code     0  dcmp.o(x$fpl$fcmp)
    _deq                                     0x00004885   Thumb Code    14  dcmp.o(x$fpl$fcmp)
    _dneq                                    0x00004893   Thumb Code    14  dcmp.o(x$fpl$fcmp)
    __aeabi_dcmpgt                           0x000048a1   Thumb Code     0  dcmp.o(x$fpl$fcmp)
    _dgr                                     0x000048a1   Thumb Code    14  dcmp.o(x$fpl$fcmp)
    __aeabi_dcmpge                           0x000048af   Thumb Code     0  dcmp.o(x$fpl$fcmp)
    _dgeq                                    0x000048af   Thumb Code    14  dcmp.o(x$fpl$fcmp)
    __aeabi_dcmple                           0x000048bd   Thumb Code     0  dcmp.o(x$fpl$fcmp)
    _dleq                                    0x000048bd   Thumb Code    14  dcmp.o(x$fpl$fcmp)
    __aeabi_dcmplt                           0x000048cb   Thumb Code     0  dcmp.o(x$fpl$fcmp)
    _dls                                     0x000048cb   Thumb Code    14  dcmp.o(x$fpl$fcmp)
    __aeabi_fcmpeq                           0x000048d9   Thumb Code     0  fcmp.o(x$fpl$fcmp)
    _feq                                     0x000048d9   Thumb Code    14  fcmp.o(x$fpl$fcmp)
    _fneq                                    0x000048e7   Thumb Code    14  fcmp.o(x$fpl$fcmp)
    __aeabi_fcmpgt                           0x000048f5   Thumb Code     0  fcmp.o(x$fpl$fcmp)
    _fgr                                     0x000048f5   Thumb Code    14  fcmp.o(x$fpl$fcmp)
    __aeabi_fcmpge                           0x00004903   Thumb Code     0  fcmp.o(x$fpl$fcmp)
    _fgeq                                    0x00004903   Thumb Code    14  fcmp.o(x$fpl$fcmp)
    __aeabi_fcmple                           0x00004911   Thumb Code     0  fcmp.o(x$fpl$fcmp)
    _fleq                                    0x00004911   Thumb Code    14  fcmp.o(x$fpl$fcmp)
    __aeabi_fcmplt                           0x0000491f   Thumb Code     0  fcmp.o(x$fpl$fcmp)
    _fls                                     0x0000491f   Thumb Code    14  fcmp.o(x$fpl$fcmp)
    __fpl_fcmp_Inf                           0x0000492d   Thumb Code    24  fcmpi.o(x$fpl$fcmpinf)
    __aeabi_fdiv                             0x00004945   Thumb Code     0  fdiv.o(x$fpl$fdiv)
    _fdiv                                    0x00004945   Thumb Code   384  fdiv.o(x$fpl$fdiv)
    __aeabi_cfcmpeq                          0x00004ac9   Thumb Code     0  feqf.o(x$fpl$feqf)
    _fcmpeq                                  0x00004ac9   Thumb Code   104  feqf.o(x$fpl$feqf)
    __aeabi_f2iz                             0x00004b31   Thumb Code     0  ffix.o(x$fpl$ffix)
    _ffix                                    0x00004b31   Thumb Code    54  ffix.o(x$fpl$ffix)
    __aeabi_f2uiz                            0x00004b69   Thumb Code     0  ffixu.o(x$fpl$ffixu)
    _ffixu                                   0x00004b69   Thumb Code    62  ffixu.o(x$fpl$ffixu)
    __aeabi_i2f                              0x00004ba9   Thumb Code     0  fflt_clz.o(x$fpl$fflt)
    _fflt                                    0x00004ba9   Thumb Code    48  fflt_clz.o(x$fpl$fflt)
    __aeabi_ui2f                             0x00004bd9   Thumb Code     0  fflt_clz.o(x$fpl$ffltu)
    _ffltu                                   0x00004bd9   Thumb Code    38  fflt_clz.o(x$fpl$ffltu)
    _fcmpge                                  0x00004c01   Thumb Code   104  fgeqf.o(x$fpl$fgeqf)
    __aeabi_cfcmple                          0x00004c69   Thumb Code     0  fleqf.o(x$fpl$fleqf)
    _fcmple                                  0x00004c69   Thumb Code   104  fleqf.o(x$fpl$fleqf)
    __fpl_fcmple_InfNaN                      0x00004cbb   Thumb Code     0  fleqf.o(x$fpl$fleqf)
    __aeabi_fmul                             0x00004cd1   Thumb Code     0  fmul.o(x$fpl$fmul)
    _fmul                                    0x00004cd1   Thumb Code   258  fmul.o(x$fpl$fmul)
    __fpl_fnaninf                            0x00004dd3   Thumb Code   140  fnaninf.o(x$fpl$fnaninf)
    __fpl_fretinf                            0x00004e5f   Thumb Code    10  fretinf.o(x$fpl$fretinf)
    _frnd                                    0x00004e69   Thumb Code    96  frnd.o(x$fpl$frnd)
    __aeabi_frsub                            0x00004ec9   Thumb Code     0  faddsub_clz.o(x$fpl$frsb)
    _frsb                                    0x00004ec9   Thumb Code    20  faddsub_clz.o(x$fpl$frsb)
    _fsqrt                                   0x00004edd   Thumb Code   272  fsqrt.o(x$fpl$fsqrt)
    __aeabi_fsub                             0x00004fed   Thumb Code     0  faddsub_clz.o(x$fpl$fsub)
    _fsub                                    0x00004fed   Thumb Code   234  faddsub_clz.o(x$fpl$fsub)
    __fpl_return_NaN                         0x000050d7   Thumb Code   100  retnan.o(x$fpl$retnan)
    __ARM_scalbn                             0x0000513b   Thumb Code    92  scalbn.o(x$fpl$scalbn)
    __ARM_scalbnf                            0x00005197   Thumb Code    76  scalbnf.o(x$fpl$scalbnf)
    __fpl_cmpreturn                          0x000051e3   Thumb Code    48  trapv.o(x$fpl$trapveneer)
    __I$use$fp                               0x00005212   Number         0  usenofp.o(x$fpl$usenofp)
    Doom_Gun                                 0x000053f0   Data          45  doom.o(.rodata.Doom_Gun)
    Doom_Gun_Firing                          0x0000541d   Data          90  doom.o(.rodata.Doom_Gun_Firing)
    Doom_logo_LN                             0x00005477   Data         512  doom.o(.rodata.Doom_logo_LN)
    Driver_SPI1                              0x00005678   Data          44  ssp_lpc17xx.o(.rodata.Driver_SPI1)
    Region$$Table$$Base                      0x00005c64   Number         0  anon$$obj.o(Region$$Table)
    Region$$Table$$Limit                     0x00005c84   Number         0  anon$$obj.o(Region$$Table)
    SystemCoreClock                          0x10000004   Data           4  system_lpc17xx.o(.data.SystemCoreClock)
    map                                      0x10000008   Data         256  structure.o(.data.map)
    spiDrv1                                  0x10000108   Data           4  lpc1768_func.o(.data.spiDrv1)
    __libspace_start                         0x10000110   Data          96  libspace.o(.bss)
    __temporary_stack_top$libspace           0x10000170   Data           0  libspace.o(.bss)
    buffer                                   0x1000023c   Data         512  lpc1768_func.o(.bss.buffer)
    center_pressed                           0x1000043c   Data           1  lpc1768_func.o(.bss.center_pressed)
    center_pressed_prev                      0x1000043d   Data           1  lpc1768_func.o(.bss.center_pressed_prev)
    center_registered                        0x1000043e   Data           1  lpc1768_func.o(.bss.center_registered)
    down_pressed                             0x1000043f   Data           1  lpc1768_func.o(.bss.down_pressed)
    enemies                                  0x10000440   Data         300  entity.o(.bss.enemies)
    fireballs                                0x1000056c   Data         360  entity.o(.bss.fireballs)
    healthpacks                              0x100006d4   Data         300  entity.o(.bss.healthpacks)
    interrupt                                0x10000800   Data           1  lpc1768_func.o(.bss.interrupt)
    j1                                       0x10000804   Data          20  entity.o(.bss.j1)
    killCount                                0x10000818   Data           1  entity.o(.bss.killCount)
    left_pressed                             0x10000819   Data           1  lpc1768_func.o(.bss.left_pressed)
    numEnemies                               0x1000081a   Data           1  entity.o(.bss.numEnemies)
    numFireballs                             0x1000081b   Data           1  entity.o(.bss.numFireballs)
    numHealthpacks                           0x1000081c   Data           1  entity.o(.bss.numHealthpacks)
    pot1_read                                0x10000820   Data           4  lpc1768_func.o(.bss.pot1_read)
    right_pressed                            0x10000824   Data           1  lpc1768_func.o(.bss.right_pressed)
    scene                                    0x10000825   Data           1  doom.o(.bss.scene)
    shooting                                 0x10000826   Data           1  doom.o(.bss.shooting)
    up_pressed                               0x10000827   Data           1  lpc1768_func.o(.bss.up_pressed)
    zbuffer                                  0x10000828   Data         128  doom.o(.bss.zbuffer)



==============================================================================

Memory Map of the image

  Image Entry point : 0x00000171

  Load Region LR_1 (Base: 0x00000000, Size: 0x00005d90, Max: 0xffffffff, ABSOLUTE)

    Execution Region ER_RO (Exec base: 0x00000000, Load base: 0x00000000, Size: 0x00005c84, Max: 0xffffffff, ABSOLUTE)

    Exec Addr    Load Addr    Size         Type   Attr      Idx    E Section Name        Object

    0x00000000   0x00000000   0x000000cc   Data   RO          441    RESET               startup_lpc17xx.o
    0x000000cc   0x000000cc   0x00000008   Code   RO          506  * !!!main             c_w.l(__main.o)
    0x000000d4   0x000000d4   0x00000034   Code   RO          927    !!!scatter          c_w.l(__scatter.o)
    0x00000108   0x00000108   0x0000001a   Code   RO          929    !!handler_copy      c_w.l(__scatter_copy.o)
    0x00000122   0x00000122   0x00000002   PAD
    0x00000124   0x00000124   0x0000001c   Code   RO          931    !!handler_zi        c_w.l(__scatter_zi.o)
    0x00000140   0x00000140   0x00000000   Code   RO          499    .ARM.Collect$$_printf_percent$$00000000  c_w.l(_printf_percent.o)
    0x00000140   0x00000140   0x00000006   Code   RO          498    .ARM.Collect$$_printf_percent$$00000009  c_w.l(_printf_d.o)
    0x00000146   0x00000146   0x00000004   Code   RO          649    .ARM.Collect$$_printf_percent$$00000017  c_w.l(_printf_percent_end.o)
    0x0000014a   0x0000014a   0x00000002   Code   RO          788    .ARM.Collect$$libinit$$00000000  c_w.l(libinit.o)
    0x0000014c   0x0000014c   0x00000000   Code   RO          802    .ARM.Collect$$libinit$$00000002  c_w.l(libinit2.o)
    0x0000014c   0x0000014c   0x00000000   Code   RO          804    .ARM.Collect$$libinit$$00000004  c_w.l(libinit2.o)
    0x0000014c   0x0000014c   0x00000000   Code   RO          807    .ARM.Collect$$libinit$$0000000A  c_w.l(libinit2.o)
    0x0000014c   0x0000014c   0x00000000   Code   RO          809    .ARM.Collect$$libinit$$0000000C  c_w.l(libinit2.o)
    0x0000014c   0x0000014c   0x00000000   Code   RO          811    .ARM.Collect$$libinit$$0000000E  c_w.l(libinit2.o)
    0x0000014c   0x0000014c   0x00000000   Code   RO          814    .ARM.Collect$$libinit$$00000011  c_w.l(libinit2.o)
    0x0000014c   0x0000014c   0x00000000   Code   RO          816    .ARM.Collect$$libinit$$00000013  c_w.l(libinit2.o)
    0x0000014c   0x0000014c   0x00000000   Code   RO          818    .ARM.Collect$$libinit$$00000015  c_w.l(libinit2.o)
    0x0000014c   0x0000014c   0x00000000   Code   RO          820    .ARM.Collect$$libinit$$00000017  c_w.l(libinit2.o)
    0x0000014c   0x0000014c   0x00000000   Code   RO          822    .ARM.Collect$$libinit$$00000019  c_w.l(libinit2.o)
    0x0000014c   0x0000014c   0x00000000   Code   RO          824    .ARM.Collect$$libinit$$0000001B  c_w.l(libinit2.o)
    0x0000014c   0x0000014c   0x00000000   Code   RO          826    .ARM.Collect$$libinit$$0000001D  c_w.l(libinit2.o)
    0x0000014c   0x0000014c   0x00000000   Code   RO          828    .ARM.Collect$$libinit$$0000001F  c_w.l(libinit2.o)
    0x0000014c   0x0000014c   0x00000000   Code   RO          830    .ARM.Collect$$libinit$$00000021  c_w.l(libinit2.o)
    0x0000014c   0x0000014c   0x00000000   Code   RO          832    .ARM.Collect$$libinit$$00000023  c_w.l(libinit2.o)
    0x0000014c   0x0000014c   0x00000000   Code   RO          834    .ARM.Collect$$libinit$$00000025  c_w.l(libinit2.o)
    0x0000014c   0x0000014c   0x00000000   Code   RO          838    .ARM.Collect$$libinit$$0000002C  c_w.l(libinit2.o)
    0x0000014c   0x0000014c   0x00000000   Code   RO          840    .ARM.Collect$$libinit$$0000002E  c_w.l(libinit2.o)
    0x0000014c   0x0000014c   0x00000000   Code   RO          842    .ARM.Collect$$libinit$$00000030  c_w.l(libinit2.o)
    0x0000014c   0x0000014c   0x00000000   Code   RO          844    .ARM.Collect$$libinit$$00000032  c_w.l(libinit2.o)
    0x0000014c   0x0000014c   0x00000002   Code   RO          845    .ARM.Collect$$libinit$$00000033  c_w.l(libinit2.o)
    0x0000014e   0x0000014e   0x00000002   Code   RO          882    .ARM.Collect$$libshutdown$$00000000  c_w.l(libshutdown.o)
    0x00000150   0x00000150   0x00000000   Code   RO          910    .ARM.Collect$$libshutdown$$00000002  c_w.l(libshutdown2.o)
    0x00000150   0x00000150   0x00000000   Code   RO          912    .ARM.Collect$$libshutdown$$00000004  c_w.l(libshutdown2.o)
    0x00000150   0x00000150   0x00000000   Code   RO          915    .ARM.Collect$$libshutdown$$00000007  c_w.l(libshutdown2.o)
    0x00000150   0x00000150   0x00000000   Code   RO          918    .ARM.Collect$$libshutdown$$0000000A  c_w.l(libshutdown2.o)
    0x00000150   0x00000150   0x00000000   Code   RO          920    .ARM.Collect$$libshutdown$$0000000C  c_w.l(libshutdown2.o)
    0x00000150   0x00000150   0x00000000   Code   RO          923    .ARM.Collect$$libshutdown$$0000000F  c_w.l(libshutdown2.o)
    0x00000150   0x00000150   0x00000002   Code   RO          924    .ARM.Collect$$libshutdown$$00000010  c_w.l(libshutdown2.o)
    0x00000152   0x00000152   0x00000000   Code   RO          636    .ARM.Collect$$rtentry$$00000000  c_w.l(__rtentry.o)
    0x00000152   0x00000152   0x00000000   Code   RO          737    .ARM.Collect$$rtentry$$00000002  c_w.l(__rtentry2.o)
    0x00000152   0x00000152   0x00000006   Code   RO          749    .ARM.Collect$$rtentry$$00000004  c_w.l(__rtentry4.o)
    0x00000158   0x00000158   0x00000000   Code   RO          739    .ARM.Collect$$rtentry$$00000009  c_w.l(__rtentry2.o)
    0x00000158   0x00000158   0x00000004   Code   RO          740    .ARM.Collect$$rtentry$$0000000A  c_w.l(__rtentry2.o)
    0x0000015c   0x0000015c   0x00000000   Code   RO          742    .ARM.Collect$$rtentry$$0000000C  c_w.l(__rtentry2.o)
    0x0000015c   0x0000015c   0x00000008   Code   RO          743    .ARM.Collect$$rtentry$$0000000D  c_w.l(__rtentry2.o)
    0x00000164   0x00000164   0x00000002   Code   RO          793    .ARM.Collect$$rtexit$$00000000  c_w.l(rtexit.o)
    0x00000166   0x00000166   0x00000000   Code   RO          853    .ARM.Collect$$rtexit$$00000002  c_w.l(rtexit2.o)
    0x00000166   0x00000166   0x00000004   Code   RO          854    .ARM.Collect$$rtexit$$00000003  c_w.l(rtexit2.o)
    0x0000016a   0x0000016a   0x00000006   Code   RO          855    .ARM.Collect$$rtexit$$00000004  c_w.l(rtexit2.o)
    0x00000170   0x00000170   0x0000003c   Code   RO          443  * .text               startup_lpc17xx.o
    0x000001ac   0x000001ac   0x00000078   Code   RO          476    .text               c_w.l(_printf_dec.o)
    0x00000224   0x00000224   0x00000010   Code   RO          500    .text               c_w.l(aeabi_memset.o)
    0x00000234   0x00000234   0x00000044   Code   RO          502    .text               c_w.l(rt_memclr.o)
    0x00000278   0x00000278   0x00000006   Code   RO          504    .text               c_w.l(heapauxi.o)
    0x0000027e   0x0000027e   0x00000016   Code   RO          641    .text               c_w.l(_rserrno.o)
    0x00000294   0x00000294   0x0000004e   Code   RO          650    .text               c_w.l(rt_memclr_w.o)
    0x000002e2   0x000002e2   0x00000002   PAD
    0x000002e4   0x000002e4   0x00000008   Code   RO          756    .text               c_w.l(rt_errno_addr_intlibspace.o)
    0x000002ec   0x000002ec   0x00000008   Code   RO          772    .text               c_w.l(libspace.o)
    0x000002f4   0x000002f4   0x00000002   Code   RO          871    .text               c_w.l(use_no_semi.o)
    0x000002f6   0x000002f6   0x00000000   Code   RO          873    .text               c_w.l(indicate_semi.o)
    0x000002f6   0x000002f6   0x00000002   PAD
    0x000002f8   0x000002f8   0x00000004   Code   RO          311    .text.SSP1_Control  ssp_lpc17xx.o
    0x000002fc   0x000002fc   0x00000004   Code   RO          442    .ARM.__at_0x02FC    startup_lpc17xx.o
    0x00000300   0x00000300   0x000000b2   Code   RO          643    .text               c_w.l(_printf_intcommon.o)
    0x000003b2   0x000003b2   0x0000004a   Code   RO          775    .text               c_w.l(sys_stackheap_outer.o)
    0x000003fc   0x000003fc   0x00000012   Code   RO          777    .text               c_w.l(exit.o)
    0x0000040e   0x0000040e   0x00000002   PAD
    0x00000410   0x00000410   0x0000000c   Code   RO          848    .text               c_w.l(sys_exit.o)
    0x0000041c   0x0000041c   0x00000024   Code   RO           12    .text.Buffer_DrawLineV  buffer.o
    0x00000440   0x00000440   0x0000007c   Code   RO           30    .text.Buffer_DrawMenu  buffer.o
    0x000004bc   0x000004bc   0x000001a2   Code   RO           32    .text.Buffer_DrawSprite  buffer.o
    0x0000065e   0x0000065e   0x00000002   PAD
    0x00000660   0x00000660   0x0000000c   Code   RO            4    .text.Buffer_Reset  buffer.o
    0x0000066c   0x0000066c   0x0000001a   Code   RO            6    .text.Buffer_SetPixel  buffer.o
    0x00000686   0x00000686   0x00000002   PAD
    0x00000688   0x00000688   0x00000020   Code   RO          374    .text.Clear_Channel_active_flag  gpdma_lpc17xx.o
    0x000006a8   0x000006a8   0x000000fc   Code   RO          384    .text.DMA_IRQHandler  gpdma_lpc17xx.o
    0x000007a4   0x000007a4   0x0000001a   Code   RO          406    .text.GPIO_PinRead  gpio_lpc17xx.o
    0x000007be   0x000007be   0x00000002   PAD
    0x000007c0   0x000007c0   0x0000001c   Code   RO          404    .text.GPIO_PinWrite  gpio_lpc17xx.o
    0x000007dc   0x000007dc   0x0000001a   Code   RO          400    .text.GPIO_PortClock  gpio_lpc17xx.o
    0x000007f6   0x000007f6   0x00000002   PAD
    0x000007f8   0x000007f8   0x0000001c   Code   RO          402    .text.GPIO_SetDir   gpio_lpc17xx.o
    0x00000814   0x00000814   0x00000038   Code   RO          337    .text.GetSSPClockFreq  ssp_lpc17xx.o
    0x0000084c   0x0000084c   0x0000007e   Code   RO          423    .text.PIN_Configure  pin_lpc17xx.o
    0x000008ca   0x000008ca   0x00000002   PAD
    0x000008cc   0x000008cc   0x0000005e   Code   RO          189    .text.SPILCD_Configure  spi_lcd.o
    0x0000092a   0x0000092a   0x00000002   PAD
    0x0000092c   0x0000092c   0x00000076   Code   RO          181    .text.SPILCD_Init   spi_lcd.o
    0x000009a2   0x000009a2   0x00000002   PAD
    0x000009a4   0x000009a4   0x00000050   Code   RO          187    .text.SPILCD_Reset  spi_lcd.o
    0x000009f4   0x000009f4   0x00000048   Code   RO          183    .text.SPILCD_SendCommand  spi_lcd.o
    0x00000a3c   0x00000a3c   0x00000048   Code   RO          185    .text.SPILCD_SendData  spi_lcd.o
    0x00000a84   0x00000a84   0x00000038   Code   RO          191    .text.SPILCD_Transfer  spi_lcd.o
    0x00000abc   0x00000abc   0x00000004   Code   RO          309    .text.SSP1_GetDataCount  ssp_lpc17xx.o
    0x00000ac0   0x00000ac0   0x00000004   Code   RO          313    .text.SSP1_GetStatus  ssp_lpc17xx.o
    0x00000ac4   0x00000ac4   0x00000004   Code   RO          289    .text.SSP1_IRQHandler  ssp_lpc17xx.o
    0x00000ac8   0x00000ac8   0x0000000a   Code   RO          297    .text.SSP1_Initialize  ssp_lpc17xx.o
    0x00000ad2   0x00000ad2   0x00000002   PAD
    0x00000ad4   0x00000ad4   0x00000004   Code   RO          301    .text.SSP1_PowerControl  ssp_lpc17xx.o
    0x00000ad8   0x00000ad8   0x00000004   Code   RO          305    .text.SSP1_Receive  ssp_lpc17xx.o
    0x00000adc   0x00000adc   0x00000004   Code   RO          303    .text.SSP1_Send     ssp_lpc17xx.o
    0x00000ae0   0x00000ae0   0x00000004   Code   RO          307    .text.SSP1_Transfer  ssp_lpc17xx.o
    0x00000ae4   0x00000ae4   0x0000000a   Code   RO          299    .text.SSP1_Uninitialize  ssp_lpc17xx.o
    0x00000aee   0x00000aee   0x00000002   PAD
    0x00000af0   0x00000af0   0x00000004   Code   RO          295    .text.SSP_GetCapabilities  ssp_lpc17xx.o
    0x00000af4   0x00000af4   0x0000000a   Code   RO          293    .text.SSP_GetVersion  ssp_lpc17xx.o
    0x00000afe   0x00000afe   0x00000002   PAD
    0x00000b00   0x00000b00   0x000002c4   Code   RO          335    .text.SSPx_Control  ssp_lpc17xx.o
    0x00000dc4   0x00000dc4   0x0000001c   Code   RO          333    .text.SSPx_GetDataCount  ssp_lpc17xx.o
    0x00000de0   0x00000de0   0x00000040   Code   RO          339    .text.SSPx_GetStatus  ssp_lpc17xx.o
    0x00000e20   0x00000e20   0x000000e6   Code   RO          291    .text.SSPx_IRQHandler  ssp_lpc17xx.o
    0x00000f06   0x00000f06   0x00000002   PAD
    0x00000f08   0x00000f08   0x00000064   Code   RO          315    .text.SSPx_Initialize  ssp_lpc17xx.o
    0x00000f6c   0x00000f6c   0x000000f6   Code   RO          319    .text.SSPx_PowerControl  ssp_lpc17xx.o
    0x00001062   0x00001062   0x00000002   PAD
    0x00001064   0x00001064   0x0000005e   Code   RO          329    .text.SSPx_Receive  ssp_lpc17xx.o
    0x000010c2   0x000010c2   0x00000002   PAD
    0x000010c4   0x000010c4   0x0000005e   Code   RO          327    .text.SSPx_Send     ssp_lpc17xx.o
    0x00001122   0x00001122   0x00000002   PAD
    0x00001124   0x00001124   0x00000068   Code   RO          331    .text.SSPx_Transfer  ssp_lpc17xx.o
    0x0000118c   0x0000118c   0x00000040   Code   RO          317    .text.SSPx_Uninitialize  ssp_lpc17xx.o
    0x000011cc   0x000011cc   0x000000cc   Code   RO          454    .text.SystemInit    system_lpc17xx.o
    0x00001298   0x00001298   0x0000001a   Code   RO          166    .text.TIMER0_IRQHandler  main.o
    0x000012b2   0x000012b2   0x00000002   PAD
    0x000012b4   0x000012b4   0x0000000c   Code   RO            2    .text.ZBuffer_Reset  buffer.o
    0x000012c0   0x000012c0   0x00000010   Code   RO          323    .text.__NVIC_ClearPendingIRQ  ssp_lpc17xx.o
    0x000012d0   0x000012d0   0x00000018   Code   RO          321    .text.__NVIC_DisableIRQ  ssp_lpc17xx.o
    0x000012e8   0x000012e8   0x0000000e   Code   RO          132    .text.__NVIC_EnableIRQ  lpc1768_func.o
    0x000012f6   0x000012f6   0x00000002   PAD
    0x000012f8   0x000012f8   0x00000010   Code   RO          325    .text.__NVIC_EnableIRQ  ssp_lpc17xx.o
    0x00001308   0x00001308   0x00000010   Code   RO          218    .text.colission     structure.o
    0x00001318   0x00001318   0x00000022   Code   RO          216    .text.colissionCell  structure.o
    0x0000133a   0x0000133a   0x00000002   PAD
    0x0000133c   0x0000133c   0x00000066   Code   RO           47    .text.delay         delay.o
    0x000013a2   0x000013a2   0x00000002   PAD
    0x000013a4   0x000013a4   0x0000003e   Code   RO          238    .text.display_health  entity.o
    0x000013e2   0x000013e2   0x00000002   PAD
    0x000013e4   0x000013e4   0x00000034   Code   RO          124    .text.display_leds  lpc1768_func.o
    0x00001418   0x00001418   0x00000028   Code   RO          128    .text.display_rgb   lpc1768_func.o
    0x00001440   0x00001440   0x0000004a   Code   RO          214    .text.distance2     structure.o
    0x0000148a   0x0000148a   0x00000002   PAD
    0x0000148c   0x0000148c   0x0000004a   Code   RO           64    .text.drawImpSprite  doom.o
    0x000014d6   0x000014d6   0x00000002   PAD
    0x000014d8   0x000014d8   0x00000004   Code   RO           72    .text.fabsf         doom.o
    0x000014dc   0x000014dc   0x00000022   Code   RO          116    .text.initPin_JOY   lpc1768_func.o
    0x000014fe   0x000014fe   0x00000002   PAD
    0x00001500   0x00001500   0x00000022   Code   RO          122    .text.initPin_LED   lpc1768_func.o
    0x00001522   0x00001522   0x00000002   PAD
    0x00001524   0x00001524   0x00000022   Code   RO          126    .text.initPin_RGB   lpc1768_func.o
    0x00001546   0x00001546   0x00000002   PAD
    0x00001548   0x00001548   0x00000068   Code   RO          134    .text.init_ADC      lpc1768_func.o
    0x000015b0   0x000015b0   0x00000034   Code   RO          130    .text.init_timer    lpc1768_func.o
    0x000015e4   0x000015e4   0x00000016   Code   RO           88    .text.loop          doom.o
    0x000015fa   0x000015fa   0x00000002   PAD
    0x000015fc   0x000015fc   0x000000de   Code   RO           84    .text.loop_gameplay  doom.o
    0x000016da   0x000016da   0x00000002   PAD
    0x000016dc   0x000016dc   0x00000068   Code   RO           86    .text.loop_menu     doom.o
    0x00001744   0x00001744   0x0000000e   Code   RO          168    .text.main          main.o
    0x00001752   0x00001752   0x00000002   PAD
    0x00001754   0x00001754   0x00000008   Code   RO          212    .text.max           structure.o
    0x0000175c   0x0000175c   0x00000008   Code   RO          210    .text.min           structure.o
    0x00001764   0x00001764   0x000000ea   Code   RO          248    .text.move_enemy    entity.o
    0x0000184e   0x0000184e   0x00000002   PAD
    0x00001850   0x00001850   0x0000008a   Code   RO          254    .text.move_fireball  entity.o
    0x000018da   0x000018da   0x00000002   PAD
    0x000018dc   0x000018dc   0x000001fe   Code   RO          236    .text.move_player   entity.o
    0x00001ada   0x00001ada   0x00000002   PAD
    0x00001adc   0x00001adc   0x00000016   Code   RO          206    .text.obtainCell    structure.o
    0x00001af2   0x00001af2   0x00000002   PAD
    0x00001af4   0x00001af4   0x0000003c   Code   RO          136    .text.read_ADC      lpc1768_func.o
    0x00001b30   0x00001b30   0x0000003c   Code   RO          118    .text.read_center   lpc1768_func.o
    0x00001b6c   0x00001b6c   0x00000072   Code   RO          120    .text.read_joy      lpc1768_func.o
    0x00001bde   0x00001bde   0x00000002   PAD
    0x00001be0   0x00001be0   0x00000024   Code   RO          138    .text.read_pot      lpc1768_func.o
    0x00001c04   0x00001c04   0x00000260   Code   RO           66    .text.renderEntities  doom.o
    0x00001e64   0x00001e64   0x00000052   Code   RO           68    .text.renderGun     doom.o
    0x00001eb6   0x00001eb6   0x00000002   PAD
    0x00001eb8   0x00001eb8   0x00000296   Code   RO           60    .text.renderMap     doom.o
    0x0000214e   0x0000214e   0x00000002   PAD
    0x00002150   0x00002150   0x00000006   Code   RO          204    .text.set_coords    structure.o
    0x00002156   0x00002156   0x00000002   PAD
    0x00002158   0x00002158   0x00000040   Code   RO          242    .text.set_enemy     entity.o
    0x00002198   0x00002198   0x000000b2   Code   RO          246    .text.set_fireball  entity.o
    0x0000224a   0x0000224a   0x00000002   PAD
    0x0000224c   0x0000224c   0x0000003c   Code   RO          244    .text.set_healthpack  entity.o
    0x00002288   0x00002288   0x00000022   Code   RO          234    .text.set_player    entity.o
    0x000022aa   0x000022aa   0x00000002   PAD
    0x000022ac   0x000022ac   0x000000a2   Code   RO           70    .text.shoot         doom.o
    0x0000234e   0x0000234e   0x00000002   PAD
    0x00002350   0x00002350   0x0000010c   Code   RO          258    .text.spawn_entities  entity.o
    0x0000245c   0x0000245c   0x000000b0   Code   RO          140    .text.start         lpc1768_func.o
    0x0000250c   0x0000250c   0x000000e6   Code   RO           62    .text.translateIntoView  doom.o
    0x000025f2   0x000025f2   0x00000002   PAD
    0x000025f4   0x000025f4   0x00000066   Code   RO          252    .text.updateHealthpack  entity.o
    0x0000265a   0x0000265a   0x00000002   PAD
    0x0000265c   0x0000265c   0x00000190   Code   RO          250    .text.update_enemy  entity.o
    0x000027ec   0x000027ec   0x00000082   Code   RO          260    .text.update_entities  entity.o
    0x0000286e   0x0000286e   0x00000002   PAD
    0x00002870   0x00002870   0x00000054   Code   RO          256    .text.update_fireball  entity.o
    0x000028c4   0x000028c4   0x00000060   Code   RO          240    .text.update_player  entity.o
    0x00002924   0x00002924   0x00000028   Code   RO          702    i.__ARM_fpclassify  m_ws.l(fpclassify.o)
    0x0000294c   0x0000294c   0x00000026   Code   RO          704    i.__ARM_fpclassifyf  m_ws.l(fpclassifyf.o)
    0x00002972   0x00002972   0x00000002   PAD
    0x00002974   0x00002974   0x00000388   Code   RO          722    i.__ieee754_rem_pio2  m_ws.l(rred.o)
    0x00002cfc   0x00002cfc   0x000000fc   Code   RO          685    i.__kernel_cos      m_ws.l(cos_i.o)
    0x00002df8   0x00002df8   0x000000aa   Code   RO          720    i.__kernel_poly     m_ws.l(poly.o)
    0x00002ea2   0x00002ea2   0x00000002   PAD
    0x00002ea4   0x00002ea4   0x000000ec   Code   RO          730    i.__kernel_sin      m_ws.l(sin_i.o)
    0x00002f90   0x00002f90   0x00000006   Code   RO          689    i.__mathlib_dbl_infnan  m_ws.l(dunder.o)
    0x00002f96   0x00002f96   0x0000000c   Code   RO          691    i.__mathlib_dbl_invalid  m_ws.l(dunder.o)
    0x00002fa2   0x00002fa2   0x00000002   PAD
    0x00002fa4   0x00002fa4   0x00000010   Code   RO          694    i.__mathlib_dbl_underflow  m_ws.l(dunder.o)
    0x00002fb4   0x00002fb4   0x00000006   Code   RO          707    i.__mathlib_flt_infnan  m_ws.l(funder.o)
    0x00002fba   0x00002fba   0x00000004   Code   RO          708    i.__mathlib_flt_infnan2  m_ws.l(funder.o)
    0x00002fbe   0x00002fbe   0x00000008   Code   RO          709    i.__mathlib_flt_invalid  m_ws.l(funder.o)
    0x00002fc6   0x00002fc6   0x0000000a   Code   RO          712    i.__mathlib_flt_underflow  m_ws.l(funder.o)
    0x00002fd0   0x00002fd0   0x00000168   Code   RO          727    i.__mathlib_rredf2  m_ws.l(rredf.o)
    0x00003138   0x00003138   0x00000006   Code   RO          599    i._fabsf            m_ws.l(fabsf.o)
    0x0000313e   0x0000313e   0x00000002   PAD
    0x00003140   0x00003140   0x00000220   Code   RO          565    i.atan              m_ws.l(atan.o)
    0x00003360   0x00003360   0x0000028c   Code   RO          575    i.atan2f            m_ws.l(atan2f.o)
    0x000035ec   0x000035ec   0x0000009c   Code   RO          583    i.cos               m_ws.l(cos.o)
    0x00003688   0x00003688   0x0000017c   Code   RO          591    i.cosf              m_ws.l(cosf.o)
    0x00003804   0x00003804   0x000000a0   Code   RO          605    i.sin               m_ws.l(sin.o)
    0x000038a4   0x000038a4   0x00000188   Code   RO          613    i.sinf              m_ws.l(sinf.o)
    0x00003a2c   0x00003a2c   0x0000004c   Code   RO          621    i.sqrt              m_ws.l(sqrt.o)
    0x00003a78   0x00003a78   0x0000002c   Code   RO          629    i.sqrtf             m_ws.l(sqrtf.o)
    0x00003aa4   0x00003aa4   0x00000062   Code   RO          508    x$fpl$d2f           fz_ws.l(d2f.o)
    0x00003b06   0x00003b06   0x00000002   PAD
    0x00003b08   0x00003b08   0x00000150   Code   RO          510    x$fpl$dadd          fz_ws.l(daddsub_clz.o)
    0x00003c58   0x00003c58   0x00000010   Code   RO          760    x$fpl$dcheck1       fz_ws.l(dcheck1.o)
    0x00003c68   0x00003c68   0x00000018   Code   RO          762    x$fpl$dcmpinf       fz_ws.l(dcmpi.o)
    0x00003c80   0x00003c80   0x000002b0   Code   RO          519    x$fpl$ddiv          fz_ws.l(ddiv.o)
    0x00003f30   0x00003f30   0x00000078   Code   RO          652    x$fpl$deqf          fz_ws.l(deqf.o)
    0x00003fa8   0x00003fa8   0x0000005e   Code   RO          764    x$fpl$dfix          fz_ws.l(dfix.o)
    0x00004006   0x00004006   0x00000002   PAD
    0x00004008   0x00004008   0x0000005a   Code   RO          522    x$fpl$dfixu         fz_ws.l(dfixu.o)
    0x00004062   0x00004062   0x0000002e   Code   RO          527    x$fpl$dflt          fz_ws.l(dflt_clz.o)
    0x00004090   0x00004090   0x00000026   Code   RO          526    x$fpl$dfltu         fz_ws.l(dflt_clz.o)
    0x000040b6   0x000040b6   0x00000002   PAD
    0x000040b8   0x000040b8   0x00000078   Code   RO          654    x$fpl$dgeqf         fz_ws.l(dgeqf.o)
    0x00004130   0x00004130   0x00000078   Code   RO          656    x$fpl$dleqf         fz_ws.l(dleqf.o)
    0x000041a8   0x000041a8   0x00000154   Code   RO          532    x$fpl$dmul          fz_ws.l(dmul.o)
    0x000042fc   0x000042fc   0x0000009c   Code   RO          658    x$fpl$dnaninf       fz_ws.l(dnaninf.o)
    0x00004398   0x00004398   0x0000000c   Code   RO          660    x$fpl$dretinf       fz_ws.l(dretinf.o)
    0x000043a4   0x000043a4   0x00000016   Code   RO          511    x$fpl$drsb          fz_ws.l(daddsub_clz.o)
    0x000043ba   0x000043ba   0x00000002   PAD
    0x000043bc   0x000043bc   0x000001cc   Code   RO          666    x$fpl$dsqrt         fz_ws.l(dsqrt_noumaal.o)
    0x00004588   0x00004588   0x000001d4   Code   RO          512    x$fpl$dsub          fz_ws.l(daddsub_clz.o)
    0x0000475c   0x0000475c   0x00000056   Code   RO          534    x$fpl$f2d           fz_ws.l(f2d.o)
    0x000047b2   0x000047b2   0x00000002   PAD
    0x000047b4   0x000047b4   0x000000c4   Code   RO          536    x$fpl$fadd          fz_ws.l(faddsub_clz.o)
    0x00004878   0x00004878   0x0000000c   Code   RO          789    x$fpl$fcheck1       fz_ws.l(fcheck1.o)
    0x00004884   0x00004884   0x00000054   Code   RO          516    x$fpl$fcmp          fz_ws.l(dcmp.o)
    0x000048d8   0x000048d8   0x00000054   Code   RO          542    x$fpl$fcmp          fz_ws.l(fcmp.o)
    0x0000492c   0x0000492c   0x00000018   Code   RO          768    x$fpl$fcmpinf       fz_ws.l(fcmpi.o)
    0x00004944   0x00004944   0x00000184   Code   RO          545    x$fpl$fdiv          fz_ws.l(fdiv.o)
    0x00004ac8   0x00004ac8   0x00000068   Code   RO          668    x$fpl$feqf          fz_ws.l(feqf.o)
    0x00004b30   0x00004b30   0x00000036   Code   RO          548    x$fpl$ffix          fz_ws.l(ffix.o)
    0x00004b66   0x00004b66   0x00000002   PAD
    0x00004b68   0x00004b68   0x0000003e   Code   RO          552    x$fpl$ffixu         fz_ws.l(ffixu.o)
    0x00004ba6   0x00004ba6   0x00000002   PAD
    0x00004ba8   0x00004ba8   0x00000030   Code   RO          557    x$fpl$fflt          fz_ws.l(fflt_clz.o)
    0x00004bd8   0x00004bd8   0x00000026   Code   RO          556    x$fpl$ffltu         fz_ws.l(fflt_clz.o)
    0x00004bfe   0x00004bfe   0x00000002   PAD
    0x00004c00   0x00004c00   0x00000068   Code   RO          670    x$fpl$fgeqf         fz_ws.l(fgeqf.o)
    0x00004c68   0x00004c68   0x00000068   Code   RO          672    x$fpl$fleqf         fz_ws.l(fleqf.o)
    0x00004cd0   0x00004cd0   0x00000102   Code   RO          562    x$fpl$fmul          fz_ws.l(fmul.o)
    0x00004dd2   0x00004dd2   0x0000008c   Code   RO          674    x$fpl$fnaninf       fz_ws.l(fnaninf.o)
    0x00004e5e   0x00004e5e   0x0000000a   Code   RO          676    x$fpl$fretinf       fz_ws.l(fretinf.o)
    0x00004e68   0x00004e68   0x00000060   Code   RO          678    x$fpl$frnd          fz_ws.l(frnd.o)
    0x00004ec8   0x00004ec8   0x00000014   Code   RO          537    x$fpl$frsb          fz_ws.l(faddsub_clz.o)
    0x00004edc   0x00004edc   0x00000110   Code   RO          680    x$fpl$fsqrt         fz_ws.l(fsqrt.o)
    0x00004fec   0x00004fec   0x000000ea   Code   RO          538    x$fpl$fsub          fz_ws.l(faddsub_clz.o)
    0x000050d6   0x000050d6   0x00000064   Code   RO          791    x$fpl$retnan        fz_ws.l(retnan.o)
    0x0000513a   0x0000513a   0x0000005c   Code   RO          682    x$fpl$scalbn        fz_ws.l(scalbn.o)
    0x00005196   0x00005196   0x0000004c   Code   RO          770    x$fpl$scalbnf       fz_ws.l(scalbnf.o)
    0x000051e2   0x000051e2   0x00000030   Code   RO          846    x$fpl$trapveneer    fz_ws.l(trapv.o)
    0x00005212   0x00005212   0x00000000   Code   RO          684    x$fpl$usenofp       fz_ws.l(usenofp.o)
    0x00005212   0x00005212   0x00000006   PAD
    0x00005218   0x00005218   0x00000098   Data   RO          566    .constdata          m_ws.l(atan.o)
    0x000052b0   0x000052b0   0x00000030   Data   RO          686    .constdata          m_ws.l(cos_i.o)
    0x000052e0   0x000052e0   0x000000c8   Data   RO          724    .constdata          m_ws.l(rred.o)
    0x000053a8   0x000053a8   0x00000020   Data   RO          728    .constdata          m_ws.l(rredf.o)
    0x000053c8   0x000053c8   0x00000028   Data   RO          731    .constdata          m_ws.l(sin_i.o)
    0x000053f0   0x000053f0   0x0000002d   Data   RO           94    .rodata.Doom_Gun    doom.o
    0x0000541d   0x0000541d   0x0000005a   Data   RO           95    .rodata.Doom_Gun_Firing  doom.o
    0x00005477   0x00005477   0x00000200   Data   RO           91    .rodata.Doom_logo_LN  doom.o
    0x00005677   0x00005677   0x00000001   PAD
    0x00005678   0x00005678   0x0000002c   Data   RO          342    .rodata.Driver_SPI1  ssp_lpc17xx.o
    0x000056a4   0x000056a4   0x00000020   Data   RO          103    .rodata.bmp_fireball_bits  doom.o
    0x000056c4   0x000056c4   0x00000020   Data   RO          104    .rodata.bmp_fireball_mask  doom.o
    0x000056e4   0x000056e4   0x00000280   Data   RO           99    .rodata.bmp_imp_bits  doom.o
    0x00005964   0x00005964   0x00000280   Data   RO          100    .rodata.bmp_imp_mask  doom.o
    0x00005be4   0x00005be4   0x00000040   Data   RO          101    .rodata.bmp_items_bits  doom.o
    0x00005c24   0x00005c24   0x00000040   Data   RO          102    .rodata.bmp_items_mask  doom.o
    0x00005c64   0x00005c64   0x00000020   Data   RO          925    Region$$Table       anon$$obj.o


    Execution Region ER_RW (Exec base: 0x10000000, Load base: 0x00005c84, Size: 0x0000010c, Max: 0xffffffff, ABSOLUTE)

    Exec Addr    Load Addr    Size         Type   Attr      Idx    E Section Name        Object

    0x10000000   0x00005c84   0x00000002   Data   RW          344    .data.SSP1_pin_mosi  ssp_lpc17xx.o
    0x10000002   0x00005c86   0x00000002   Data   RW          343    .data.SSP1_pin_sck  ssp_lpc17xx.o
    0x10000004   0x00005c88   0x00000004   Data   RW          456    .data.SystemCoreClock  system_lpc17xx.o
    0x10000008   0x00005c8c   0x00000100   Data   RW          222    .data.map           structure.o
    0x10000108   0x00005d8c   0x00000004   Data   RW          142    .data.spiDrv1       lpc1768_func.o


    Execution Region ER_ZI (Exec base: 0x10000110, Load base: 0x00005d90, Size: 0x00000998, Max: 0xffffffff, ABSOLUTE)

    Exec Addr    Load Addr    Size         Type   Attr      Idx    E Section Name        Object

    0x10000110        -       0x00000060   Zero   RW          773    .bss                c_w.l(libspace.o)
    0x10000170        -       0x00000004   Zero   RW          388    .bss.Channel_active  gpdma_lpc17xx.o
    0x10000174        -       0x000000a0   Zero   RW          387    .bss.Channel_info   gpdma_lpc17xx.o
    0x10000214        -       0x0000000c   Zero   RW          345    .bss.SSP1_Info      ssp_lpc17xx.o
    0x10000220        -       0x0000001c   Zero   RW          346    .bss.SSP1_Xfer      ssp_lpc17xx.o
    0x1000023c        -       0x00000200   Zero   RW          154    .bss.buffer         lpc1768_func.o
    0x1000043c        -       0x00000001   Zero   RW          144    .bss.center_pressed  lpc1768_func.o
    0x1000043d        -       0x00000001   Zero   RW          145    .bss.center_pressed_prev  lpc1768_func.o
    0x1000043e        -       0x00000001   Zero   RW          146    .bss.center_registered  lpc1768_func.o
    0x1000043f        -       0x00000001   Zero   RW          148    .bss.down_pressed   lpc1768_func.o
    0x10000440        -       0x0000012c   Zero   RW          268    .bss.enemies        entity.o
    0x1000056c        -       0x00000168   Zero   RW          267    .bss.fireballs      entity.o
    0x100006d4        -       0x0000012c   Zero   RW          269    .bss.healthpacks    entity.o
    0x10000800        -       0x00000001   Zero   RW          153    .bss.interrupt      lpc1768_func.o
    0x10000801   0x00005d90   0x00000003   PAD
    0x10000804        -       0x00000014   Zero   RW          264    .bss.j1             entity.o
    0x10000818        -       0x00000001   Zero   RW          263    .bss.killCount      entity.o
    0x10000819        -       0x00000001   Zero   RW          150    .bss.left_pressed   lpc1768_func.o
    0x1000081a        -       0x00000001   Zero   RW          265    .bss.numEnemies     entity.o
    0x1000081b        -       0x00000001   Zero   RW          262    .bss.numFireballs   entity.o
    0x1000081c        -       0x00000001   Zero   RW          266    .bss.numHealthpacks  entity.o
    0x1000081d   0x00005d90   0x00000003   PAD
    0x10000820        -       0x00000004   Zero   RW          151    .bss.pot1_read      lpc1768_func.o
    0x10000824        -       0x00000001   Zero   RW          149    .bss.right_pressed  lpc1768_func.o
    0x10000825        -       0x00000001   Zero   RW           96    .bss.scene          doom.o
    0x10000826        -       0x00000001   Zero   RW           97    .bss.shooting       doom.o
    0x10000827        -       0x00000001   Zero   RW          147    .bss.up_pressed     lpc1768_func.o
    0x10000828        -       0x00000080   Zero   RW           98    .bss.zbuffer        doom.o
    0x100008a8        -       0x00000000   Zero   RW          440    HEAP                startup_lpc17xx.o
    0x100008a8        -       0x00000200   Zero   RW          439    STACK               startup_lpc17xx.o


==============================================================================

Image component sizes


      Code (inc. data)   RO Data    RW Data    ZI Data      Debug   Object Name

       628          0          0          0          0       8021   buffer.o
       102          0          0          0          0       2264   delay.o
      2170          0       2119          0        130       7942   doom.o
      2360          6          0          0        984       6369   entity.o
       284          0          0          0        164       7613   gpdma_lpc17xx.o
       108          0          0          0          0       3999   gpio_lpc17xx.o
       810          0          0          4        524       8577   lpc1768_func.o
        40          0          0          0          0       1246   main.o
       126          0          0          0          0       2454   pin_lpc17xx.o
       492          0          0          0          0       3668   spi_lcd.o
      1910         42         44          4         40      12568   ssp_lpc17xx.o
        64         26        204          0        512        996   startup_lpc17xx.o
       168          0          0        256          0       2384   structure.o
       204          0          0          4          0       2154   system_lpc17xx.o

    ----------------------------------------------------------------------
      9548         74       2400        268       2360      70255   Object Totals
         0          0         32          0          0          0   (incl. Generated)
        82          0          1          0          6          0   (incl. Padding)

    ----------------------------------------------------------------------

      Code (inc. data)   RO Data    RW Data    ZI Data      Debug   Library Member Name

         8          0          0          0          0         68   __main.o
         0          0          0          0          0          0   __rtentry.o
        12          0          0          0          0          0   __rtentry2.o
         6          0          0          0          0          0   __rtentry4.o
        52          8          0          0          0          0   __scatter.o
        26          0          0          0          0          0   __scatter_copy.o
        28          0          0          0          0          0   __scatter_zi.o
         6          0          0          0          0          0   _printf_d.o
       120         16          0          0          0         92   _printf_dec.o
       178          0          0          0          0         88   _printf_intcommon.o
         0          0          0          0          0          0   _printf_percent.o
         4          0          0          0          0          0   _printf_percent_end.o
        22          0          0          0          0        100   _rserrno.o
        16          0          0          0          0         68   aeabi_memset.o
        18          0          0          0          0         80   exit.o
         6          0          0          0          0        152   heapauxi.o
         0          0          0          0          0          0   indicate_semi.o
         2          0          0          0          0          0   libinit.o
         2          0          0          0          0          0   libinit2.o
         2          0          0          0          0          0   libshutdown.o
         2          0          0          0          0          0   libshutdown2.o
         8          4          0          0         96         68   libspace.o
         8          4          0          0          0         68   rt_errno_addr_intlibspace.o
        68          0          0          0          0         68   rt_memclr.o
        78          0          0          0          0         80   rt_memclr_w.o
         2          0          0          0          0          0   rtexit.o
        10          0          0          0          0          0   rtexit2.o
        12          4          0          0          0         68   sys_exit.o
        74          0          0          0          0         80   sys_stackheap_outer.o
         2          0          0          0          0         68   use_no_semi.o
        98          4          0          0          0         92   d2f.o
       826         16          0          0          0        356   daddsub_clz.o
        16          4          0          0          0         68   dcheck1.o
        84          0          0          0          0        196   dcmp.o
        24          0          0          0          0         68   dcmpi.o
       688        140          0          0          0        216   ddiv.o
       120          4          0          0          0         92   deqf.o
        94          4          0          0          0         92   dfix.o
        90          4          0          0          0         92   dfixu.o
        84          0          0          0          0        136   dflt_clz.o
       120          4          0          0          0         92   dgeqf.o
       120          4          0          0          0         92   dleqf.o
       340         12          0          0          0        104   dmul.o
       156          4          0          0          0         92   dnaninf.o
        12          0          0          0          0         68   dretinf.o
       460         56          0          0          0        120   dsqrt_noumaal.o
        86          4          0          0          0         84   f2d.o
       450          8          0          0          0        236   faddsub_clz.o
        12          4          0          0          0         68   fcheck1.o
        84          0          0          0          0        196   fcmp.o
        24          0          0          0          0         68   fcmpi.o
       388         76          0          0          0         96   fdiv.o
       104          4          0          0          0         84   feqf.o
        54          4          0          0          0         84   ffix.o
        62          4          0          0          0         84   ffixu.o
        86          0          0          0          0        136   fflt_clz.o
       104          4          0          0          0         84   fgeqf.o
       104          4          0          0          0         84   fleqf.o
       258          4          0          0          0         84   fmul.o
       140          4          0          0          0         84   fnaninf.o
        10          0          0          0          0         68   fretinf.o
        96          4          0          0          0         76   frnd.o
       272        100          0          0          0         88   fsqrt.o
       100          0          0          0          0         68   retnan.o
        92          0          0          0          0         68   scalbn.o
        76          0          0          0          0         68   scalbnf.o
        48          0          0          0          0         68   trapv.o
         0          0          0          0          0          0   usenofp.o
       544         70        152          0          0        124   atan.o
       652         76          0          0          0        116   atan2f.o
       156          8          0          0          0        104   cos.o
       252         22         48          0          0        124   cos_i.o
       380         52          0          0          0        124   cosf.o
        34          6          0          0          0        204   dunder.o
         6          0          0          0          0         68   fabsf.o
        40          0          0          0          0         68   fpclassify.o
        38          0          0          0          0         68   fpclassifyf.o
        28          0          0          0          0        272   funder.o
       170          0          0          0          0         96   poly.o
       904         76        200          0          0        140   rred.o
       360         16         32          0          0         88   rredf.o
       160         10          0          0          0        108   sin.o
       236         12         40          0          0        128   sin_i.o
       392         54          0          0          0        124   sinf.o
        76          0          0          0          0         84   sqrt.o
        44          0          0          0          0         80   sqrtf.o

    ----------------------------------------------------------------------
     11264        918        472          0         96       7220   Library Totals
        38          0          0          0          0          0   (incl. Padding)

    ----------------------------------------------------------------------

      Code (inc. data)   RO Data    RW Data    ZI Data      Debug   Library Name

       772         36          0          0         96       1148   c_w.l
      5982        480          0          0          0       3952   fz_ws.l
      4472        402        472          0          0       2120   m_ws.l

    ----------------------------------------------------------------------
     11264        918        472          0         96       7220   Library Totals

    ----------------------------------------------------------------------

==============================================================================


      Code (inc. data)   RO Data    RW Data    ZI Data      Debug   

     20812        992       2872        268       2456      73379   Grand Totals
     20812        992       2872        268       2456      73379   ELF Image Totals
     20812        992       2872        268          0          0   ROM Totals

==============================================================================

    Total RO  Size (Code + RO Data)                23684 (  23.13kB)
    Total RW  Size (RW Data + ZI Data)              2724 (   2.66kB)
    Total ROM Size (Code + RO Data + RW Data)      23952 (  23.39kB)

==============================================================================

